"f:\media\movies\2001.VOB"        , 0, 100000            ,  "2001 Space Oddessey", 0
"f:\media\movies\ABOUTEVE.VOB"    , 4544512, 10000000    ,  "All About Eve"      , 0
"f:\media\movies\AFRISCRM.VOB"    , 10926080, 10000000   ,  "AFRISCRM"           , 0
"f:\media\movies\AMBERSON.VOB"    , 10330112, 10000000   ,  "AMBERSON"           , 0
"f:\media\movies\ANNIEGUN.VOB"    , 4601856, 10000000    ,  " ANNIEGUN"          , 0
"f:\media\movies\ANNKAREN.VOB"    , 903168, 10000000     ,  " Anna Karenina"     , 0
"f:\media\movies\CASABLAN.VOB"    , 7925760, 10000000    ,  " Casablanca"        , 0
"f:\media\movies\CHARADE.VOB"     , 107601920, 10000000  ,  " CHARADE"           , 0
"f:\media\movies\CHINATON.VOB"    , 1206272, 10000000    ,  " Chinatown"         , 0
"f:\media\movies\CITKANE.VOB"     , 21975040, 10000000   ,  " Citizen Kane"      , 0
"f:\media\movies\CONVERSA.VOB"    , 6281216, 10000000    ,  " The Conversation"  , 0
"f:\media\movies\DUBINDEM.VOB"    , 3250176, 10000000    ,  " DUBINDEM"          , 0
"f:\media\movies\FAREARMS.VOB"    , 7094272, 10000000    ,  " FAREARMS"          , 0
"f:\media\movies\FAVBRUNT.VOB"    , 2922496, 10000000    ,  " FAVBRUNT"          , 0
"f:\media\movies\GASLIGHT.VOB"    , 4907008, 10000000    ,  " Gaslight"          , 0
"f:\media\movies\GENERAL.VOB"     , 3909632, 10000000    ,  " GENERAL"           , 0
"f:\media\movies\GIRLFRID.VOB"    , 3954688, 10000000    ,  " GIRLFRID"          , 0
"f:\media\movies\GODFATH1.VOB"    , 5249024, 10000000    ,  " The Godfather"     , 0
"f:\media\movies\GODFATH2.VOB"    , 8220672, 10000000    ,  " Godfather 2"       , 0
"f:\media\movies\GOODFELA.VOB"    , 4929536, 10000000    ,  " GOODFELA"          , 0
"f:\media\movies\GRADUATE.VOB"    , 3534848, 10000000    ,  " The Graduate"      , 0
"f:\media\movies\IMORTBAT.VOB"    , 6250496, 10000000    ,  " IMORTBAT"          , 0
"f:\media\movies\INTRO.VOB"       , 2254848, 10000000    ,  " INTRO"             , 0
"f:\media\movies\LADYEVE.VOB"     , 5179392, 10000000    ,  " LADYEVE"           , 0
"f:\media\movies\LADYVAN.VOB"     , 1912832, 10000000    ,  " LADYVAN"           , 0
"f:\media\movies\LASTPICT.VOB"    , 5902336, 10000000    ,  " LASTPICT"          , 0
"f:\media\movies\LAWRENCE.VOB"    , 7489536, 10000000    ,  " LAWRENCE"          , 0
"f:\media\movies\MALTESE.VOB"     , 8607744, 10000000    ,  " MALTESE"           , 0
"f:\media\movies\MCCABE.VOB"      , 5636096, 10000000    ,  " MCCABE"            , 0
"f:\media\movies\MODTIMES.VOB"    , 3526656, 10000000    ,  " MODTIMES"          , 0
"f:\media\movies\NASHVILL.VOB"    , 6934528, 10000000    ,  " NASHVILL"          , 0
"f:\media\movies\NIHTDEAD.VOB"    , 3133440, 10000000    ,  " NIHTDEAD"          , 0
"f:\media\movies\NIHTHUNT.VOB"    , 7886848, 10000000    ,  " NIHTHUNT"          , 0
"f:\media\movies\NOSFERAT.VOB"    , 1892352, 10000000    ,  " NOSFERAT.VOB"      , 0
"f:\media\movies\OUTAFRI.VOB"     , 4898816, 10000000    ,  " OUTAFRI.VOB"       , 0
"f:\media\movies\PATHGLOR.VOB"    , 1177600, 10000000    ,  " PATHGLOR.VOB"      , 0
"f:\media\movies\PHANTOM.VOB"     , 3061760, 10000000    ,  " PHANTOM.VOB"       , 0
"f:\media\movies\PSYCHO.VOB"      , 6612992, 10000000    ,  " PSYCHO.VOB"        , 0
"f:\media\movies\PYGMALIN.VOB"    , 6453248, 10000000    ,  " PYGMALIN.VOB"      , 0
"f:\media\movies\RAGINBUL.VOB"    , 5523456, 10000000    ,  " RAGINBUL.VOB"      , 0
"f:\media\movies\REARWIND.VOB"    , 1552384, 10000000    ,  " REARWIND.VOB"      , 0
"f:\media\movies\REDBALON.VOB"    , 7632896, 10000000    ,  " REDBALON.VOB"      , 0
"f:\media\movies\REDRIVER.VOB"    , 6217728, 10000000    ,  " REDRIVER.VOB"      , 0
"f:\media\movies\RGHTSTUF.VOB"    , 9000960, 10000000    ,  " RGHTSTUF.VOB"      , 0
"f:\media\movies\SINGRAIN.VOB"    , 3917824, 10000000    ,  " SINGRAIN.VOB"      , 0
"f:\media\movies\STARWARS.VOB"    , 5156864, 10000000    ,  " STARWARS.VOB"      , 0
"f:\media\movies\SULLIVAN.VOB"    , 1875968, 10000000    ,  " SULLIVAN.VOB"      , 0
"f:\media\movies\SUNRISE.VOB"     , 4186112, 10000000    ,  " SUNRISE.VOB"       , 0
"f:\media\movies\SUNSETBL.VOB"    , 3219456, 10000000    ,  " SUNSETBL.VOB"      , 0
"f:\media\movies\TAXIDRIV.VOB"    , 6289408, 10000000    ,  " TAXIDRIV.VOB"      , 0
"f:\media\movies\TUCHEVIL.VOB"    , 3530752, 10000000    ,  " TUCHEVIL.VOB"      , 0
"f:\media\movies\VERTIGO.VOB"     , 1927168, 10000000    ,  " VERTIGO.VOB"       , 0
"f:\media\movies\WATERFRO.VOB"    , 1550336, 10000000    ,  " WATERFRO.VOB"      , 0
"f:\media\movies\WILDBNCH.VOB"    , 4194304, 10000000    ,  " WILDBNCH.VOB"      , 0
"f:\media\movies\WIZOFOZ.VOB"     , 5906432, 10000000    ,  " WIZOFOZ.VOB"       , 0
"f:\media\movies\WOMINFLU.VOB"    , 5685248, 10000000    ,  " WOMINFLU.VOB"      , 0
"f:\media\movies\WONDRLIF.VOB"    , 563200, 10000000     ,  " WONDRLIF.VOB"      , 0
