 BulkUsb

 Timestamp is 65665601 (Tue Nov 28 16:05:05 2023)

 Preferred load address is 00010000

 Start         Length     Name                   Class
 0001:00000000 00007dc4H .text                   CODE
 0002:00000000 000000acH .idata$5                DATA
 0002:000000b0 00000c70H .rdata                  DATA
 0003:00000000 00000008H .data                   DATA
 0003:00000008 00000018H .bss                    DATA
 0004:00000000 0000003cH .idata$2                CODE
 0004:0000003c 00000014H .idata$3                CODE
 0004:00000050 000000acH .idata$4                CODE
 0004:000000fc 00000354H .idata$6                CODE
 0005:00000000 00000058H .rsrc$01                DATA
 0005:00000060 00000360H .rsrc$02                DATA

  Address         Publics by Value              Rva+Base     Lib:Object

 0001:0000015d       _BulkUsb_GetRegistryDword@12 0001041d f   busbdbg.obj
 0001:00000307       _BULKUSB_ExAllocatePool@8  000105c7 f   busbdbg.obj
 0001:00000389       _BULKUSB_ExFreePool@4      00010649 f   busbdbg.obj
 0001:000004d4       _DriverEntry@8             00010794 f   bulkusb.obj
 0001:00000649       _BulkUsb_ProcessSysControlIrp@8 00010909 f   bulkusb.obj
 0001:00000769       _BulkUsb_Unload@4          00010a29 f   bulkusb.obj
 0001:00000874       _BulkUsb_SymbolicLink@8    00010b34 f   bulkusb.obj
 0001:00000b4c       _BulkUsb_CreateDeviceObject@12 00010e0c f   bulkusb.obj
 0001:00000df1       _BulkUsb_CallUSBD@8        000110b1 f   bulkusb.obj
 0001:00001063       _BulkUsb_ConfigureDevice@4 00011323 f   bulkusb.obj
 0001:0000151b       _BulkUsb_SelectInterface@8 000117db f   bulkusb.obj
 0001:00001a5f       _BulkUsb_ResetPipe@8       00011d1f f   bulkusb.obj
 0001:00001b6f       _BulkUsb_DecrementIoCount@4 00011e2f f   bulkusb.obj
 0001:00001cad       _BulkUsb_IncrementIoCount@4 00011f6d f   bulkusb.obj
 0001:0000212d       _BulkUsb_ProcessPnPIrp@8   000123ed f   bulkpnp.obj
 0001:000027b2       _BulkUsb_PnPAddDevice@8    00012a72 f   bulkpnp.obj
 0001:00002d67       _BulkUsb_StartDevice@4     00013027 f   bulkpnp.obj
 0001:000032f7       _BulkUsb_RemoveDevice@4    000135b7 f   bulkpnp.obj
 0001:000034f0       _BulkUsb_StopDevice@4      000137b0 f   bulkpnp.obj
 0001:000035c2       _BulkUsb_IrpCompletionRoutine@12 00013882 f   bulkpnp.obj
 0001:00003bd1       _BulkUsb_ProcessPowerIrp@8 00013e91 f   bulkpwr.obj
 0001:0000417b       _BulkUsb_PoRequestCompletion@20 0001443b f   bulkpwr.obj
 0001:00004398       _BulkUsb_PowerIrp_Complete@12 00014658 f   bulkpwr.obj
 0001:00004749       _BulkUsb_SelfSuspendOrActivate@8 00014a09 f   bulkpwr.obj
 0001:00004a3f       _BulkUsb_SelfRequestPowerIrp@8 00014cff f   bulkpwr.obj
 0001:00004bde       _BulkUsb_PoSelfRequestCompletion@20 00014e9e f   bulkpwr.obj
 0001:00004d37       _BulkUsb_SetDevicePowerState@8 00014ff7 f   bulkpwr.obj
 0001:00004f24       _BulkUsb_QueryCapabilities@8 000151e4 f   bulkpwr.obj
 0001:000050ab       _BulkUsb_ProcessIOCTL@8    0001536b f   ioctlblk.obj
 0001:00005218       _BulkUsb_ResetDevice@4     000154d8 f   ioctlblk.obj
 0001:00005445       _BulkUsb_GetPortStatus@8   00015705 f   ioctlblk.obj
 0001:00005781       _BulkUsb_ResetParentPort@4 00015a41 f   ioctlblk.obj
 0001:00005b8c       _BulkUsb_SingleUrbReadWrite@12 00015e4c f   ocrwblk.obj
 0001:00006507       _BulkUsb_StagedReadWrite@12 000167c7 f   ocrwblk.obj
 0001:00006ccc       _BulkUsb_BuildAsyncRequest@16 00016f8c f   ocrwblk.obj
 0001:0000700a       _BulkUsb_AsyncReadWrite_Complete@12 000172ca f   ocrwblk.obj
 0001:000072ab       _BulkUsb_SimpleReadWrite_Complete@12 0001756b f   ocrwblk.obj
 0001:00007352       _BulkUsb_Read@8            00017612 f   ocrwblk.obj
 0001:00007366       _BulkUsb_Write@8           00017626 f   ocrwblk.obj
 0001:000073f0       _BulkUsb_PipeWithName@8    000176b0 f   ocrwblk.obj
 0001:000075b2       _BulkUsb_Close@8           00017872 f   ocrwblk.obj
 0001:0000777e       _BulkUsb_Create@8          00017a3e f   ocrwblk.obj
 0001:00007a52       _BulkUsb_CancelPendingIo@4 00017d12 f   ocrwblk.obj
 0001:00007c07       _BulkUsb_AbortPipes@4      00017ec7 f   ocrwblk.obj
 0001:00007d59       _BulkUsb_CanAcceptIoRequests@4 00018019 f   ocrwblk.obj
 0001:00007db8       _DbgPrint                  00018078 f   wdm:NTOSKRNL.EXE
 0001:00007dbe       _DbgBreakPoint@0           0001807e f   wdm:NTOSKRNL.EXE
 0002:00000000       __imp_@KfReleaseSpinLock@8 000180a0     wdm:HAL.DLL
 0002:00000004       __imp__KeGetCurrentIrql@0  000180a4     wdm:HAL.DLL
 0002:00000008       __imp_@KfAcquireSpinLock@4 000180a8     wdm:HAL.DLL
 0002:0000000c       \177HAL_NULL_THUNK_DATA    000180ac     wdm:HAL.DLL
 0002:00000010       __imp__ExFreePool@4        000180b0     wdm:NTOSKRNL.EXE
 0002:00000014       __imp__ExAllocatePoolWithTag@12 000180b4     wdm:NTOSKRNL.EXE
 0002:00000018       __imp__RtlAssert@16        000180b8     wdm:NTOSKRNL.EXE
 0002:0000001c       __imp__IoSetDeviceInterfaceState@8 000180bc     wdm:NTOSKRNL.EXE
 0002:00000020       __imp__IoRegisterDeviceInterface@16 000180c0     wdm:NTOSKRNL.EXE
 0002:00000024       __imp__DbgPrint            000180c4     wdm:NTOSKRNL.EXE
 0002:00000028       __imp_@IofCallDriver@8     000180c8     wdm:NTOSKRNL.EXE
 0002:0000002c       __imp__RtlFreeUnicodeString@4 000180cc     wdm:NTOSKRNL.EXE
 0002:00000030       __imp__KeInitializeEvent@12 000180d0     wdm:NTOSKRNL.EXE
 0002:00000034       __imp__IoCreateDevice@28   000180d4     wdm:NTOSKRNL.EXE
 0002:00000038       __imp__KeWaitForSingleObject@20 000180d8     wdm:NTOSKRNL.EXE
 0002:0000003c       __imp__IoBuildDeviceIoControlRequest@36 000180dc     wdm:NTOSKRNL.EXE
 0002:00000040       __imp__memmove             000180e0     wdm:NTOSKRNL.EXE
 0002:00000044       __imp__wcslen              000180e4     wdm:NTOSKRNL.EXE
 0002:00000048       __imp__DbgBreakPoint@0     000180e8     wdm:NTOSKRNL.EXE
 0002:0000004c       __imp__KeInitializeSpinLock@4 000180ec     wdm:NTOSKRNL.EXE
 0002:00000050       __imp__KeSetEvent@12       000180f0     wdm:NTOSKRNL.EXE
 0002:00000054       __imp__RtlQueryRegistryValues@20 000180f4     wdm:NTOSKRNL.EXE
 0002:00000058       __imp_@IofCompleteRequest@8 000180f8     wdm:NTOSKRNL.EXE
 0002:0000005c       __imp__IoDeleteDevice@4    000180fc     wdm:NTOSKRNL.EXE
 0002:00000060       __imp__IoDetachDevice@4    00018100     wdm:NTOSKRNL.EXE
 0002:00000064       __imp__IoAttachDeviceToDeviceStack@8 00018104     wdm:NTOSKRNL.EXE
 0002:00000068       __imp__RtlInitUnicodeString@8 00018108     wdm:NTOSKRNL.EXE
 0002:0000006c       __imp__PoRequestPowerIrp@24 0001810c     wdm:NTOSKRNL.EXE
 0002:00000070       __imp__PoCallDriver@8      00018110     wdm:NTOSKRNL.EXE
 0002:00000074       __imp__PoStartNextPowerIrp@4 00018114     wdm:NTOSKRNL.EXE
 0002:00000078       __imp__IoFreeIrp@4         00018118     wdm:NTOSKRNL.EXE
 0002:0000007c       __imp__IoAllocateIrp@8     0001811c     wdm:NTOSKRNL.EXE
 0002:00000080       __imp_@InterlockedDecrement@4 00018120     wdm:NTOSKRNL.EXE
 0002:00000084       __imp__IoBuildPartialMdl@16 00018124     wdm:NTOSKRNL.EXE
 0002:00000088       __imp__IoAllocateMdl@20    00018128     wdm:NTOSKRNL.EXE
 0002:0000008c       __imp__IoFreeMdl@4         0001812c     wdm:NTOSKRNL.EXE
 0002:00000090       __imp__IoCancelIrp@4       00018130     wdm:NTOSKRNL.EXE
 0002:00000094       __imp_@InterlockedIncrement@4 00018134     wdm:NTOSKRNL.EXE
 0002:00000098       \177NTOSKRNL_NULL_THUNK_DATA 00018138     wdm:NTOSKRNL.EXE
 0002:0000009c       __imp__USBD_CreateConfigurationRequest@8 0001813c     usbd:USBD.SYS
 0002:000000a0       __imp__USBD_GetUSBDIVersion@4 00018140     usbd:USBD.SYS
 0002:000000a4       __imp__USBD_ParseConfigurationDescriptorEx@28 00018144     usbd:USBD.SYS
 0002:000000a8       \177USBD_NULL_THUNK_DATA   00018148     usbd:USBD.SYS
 0002:00000210       ??_C@_0BD@HNLO@PowerDeviceMaximum?$AA@ 000182b0     busbdbg.obj
 0002:00000224       ??_C@_0O@MPNK@PowerDeviceD3?$AA@ 000182c4     busbdbg.obj
 0002:00000234       ??_C@_0O@GFEN@PowerDeviceD2?$AA@ 000182d4     busbdbg.obj
 0002:00000244       ??_C@_0O@JKPE@PowerDeviceD1?$AA@ 000182e4     busbdbg.obj
 0002:00000254       ??_C@_0O@DAGD@PowerDeviceD0?$AA@ 000182f4     busbdbg.obj
 0002:00000264       ??_C@_0BH@OAIA@PowerDeviceUnspecified?$AA@ 00018304     busbdbg.obj
 0002:0000027c       ??_C@_0BD@GFLO@PowerSystemMaximum?$AA@ 0001831c     busbdbg.obj
 0002:00000290       ??_C@_0BE@ECLL@PowerSystemShutdown?$AA@ 00018330     busbdbg.obj
 0002:000002a4       ??_C@_0BF@CJOB@PowerSystemHibernate?$AA@ 00018344     busbdbg.obj
 0002:000002bc       ??_C@_0BF@MODC@PowerSystemSleeping3?$AA@ 0001835c     busbdbg.obj
 0002:000002d4       ??_C@_0BF@GEKF@PowerSystemSleeping2?$AA@ 00018374     busbdbg.obj
 0002:000002ec       ??_C@_0BF@JLBM@PowerSystemSleeping1?$AA@ 0001838c     busbdbg.obj
 0002:00000304       ??_C@_0BD@NDKJ@PowerSystemWorking?$AA@ 000183a4     busbdbg.obj
 0002:00000318       ??_C@_0BH@JNNM@PowerSystemUnspecified?$AA@ 000183b8     busbdbg.obj
 0002:00000330       ??_C@_0BI@DPHM@IRP_MN_SURPRISE_REMOVAL?$AA@ 000183d0     busbdbg.obj
 0002:00000348       ??_C@_0CB@KAJ@IRP_MN_DEVICE_USAGE_NOTIFICATION@ 000183e8     busbdbg.obj
 0002:0000036c       ??_C@_0BN@INCI@IRP_MN_QUERY_BUS_INFORMATION?$AA@ 0001840c     busbdbg.obj
 0002:0000038c       ??_C@_0BO@HDMB@IRP_MN_QUERY_PNP_DEVICE_STATE?$AA@ 0001842c     busbdbg.obj
 0002:000003ac       ??_C@_0BA@CAHA@IRP_MN_QUERY_ID?$AA@ 0001844c     busbdbg.obj
 0002:000003bc       ??_C@_0BA@OKEC@IRP_MN_SET_LOCK?$AA@ 0001845c     busbdbg.obj
 0002:000003cc       ??_C@_0N@JHBK@IRP_MN_EJECT?$AA@ 0001846c     busbdbg.obj
 0002:000003dc       ??_C@_0BE@EFAO@IRP_MN_WRITE_CONFIG?$AA@ 0001847c     busbdbg.obj
 0002:000003f0       ??_C@_0BD@ICKD@IRP_MN_READ_CONFIG?$AA@ 00018490     busbdbg.obj
 0002:00000404       ??_C@_0CE@EHHF@IRP_MN_FILTER_RESOURCE_REQUIREME@ 000184a4     busbdbg.obj
 0002:00000428       ??_C@_0BJ@EFDI@IRP_MN_QUERY_DEVICE_TEXT?$AA@ 000184c8     busbdbg.obj
 0002:00000444       ??_C@_0CD@JGIK@IRP_MN_QUERY_RESOURCE_REQUIREMEN@ 000184e4     busbdbg.obj
 0002:00000468       ??_C@_0BH@NLOI@IRP_MN_QUERY_RESOURCES?$AA@ 00018508     busbdbg.obj
 0002:00000480       ??_C@_0BK@OENO@IRP_MN_QUERY_CAPABILITIES?$AA@ 00018520     busbdbg.obj
 0002:0000049c       ??_C@_0BH@FIBO@IRP_MN_QUERY_INTERFACE?$AA@ 0001853c     busbdbg.obj
 0002:000004b4       ??_C@_0BO@BNCN@IRP_MN_QUERY_DEVICE_RELATIONS?$AA@ 00018554     busbdbg.obj
 0002:000004d4       ??_C@_0BK@GFJB@IRP_MN_CANCEL_STOP_DEVICE?$AA@ 00018574     busbdbg.obj
 0002:000004f0       ??_C@_0BJ@PACP@IRP_MN_QUERY_STOP_DEVICE?$AA@ 00018590     busbdbg.obj
 0002:0000050c       ??_C@_0BD@BDCC@IRP_MN_STOP_DEVICE?$AA@ 000185ac     busbdbg.obj
 0002:00000520       ??_C@_0BM@JPLL@IRP_MN_CANCEL_REMOVE_DEVICE?$AA@ 000185c0     busbdbg.obj
 0002:0000053c       ??_C@_0BF@GMPC@IRP_MN_REMOVE_DEVICE?$AA@ 000185dc     busbdbg.obj
 0002:00000554       ??_C@_0BL@CLML@IRP_MN_QUERY_REMOVE_DEVICE?$AA@ 000185f4     busbdbg.obj
 0002:00000570       ??_C@_0BE@IBKL@IRP_MN_START_DEVICE?$AA@ 00018610     busbdbg.obj
 0002:00000584       ??_C@_0L@BEII@IRP_MJ_PNP?$AA@ 00018624     busbdbg.obj
 0002:00000590       ??_C@_0BB@DPBP@IRP_MJ_SET_QUOTA?$AA@ 00018630     busbdbg.obj
 0002:000005a4       ??_C@_0BD@ELL@IRP_MJ_QUERY_QUOTA?$AA@ 00018644     busbdbg.obj
 0002:000005b8       ??_C@_0BF@BJBK@IRP_MJ_DEVICE_CHANGE?$AA@ 00018658     busbdbg.obj
 0002:000005d0       ??_C@_0BG@MDKH@IRP_MJ_SYSTEM_CONTROL?$AA@ 00018670     busbdbg.obj
 0002:000005e8       ??_C@_0N@LCHJ@IRP_MJ_POWER?$AA@ 00018688     busbdbg.obj
 0002:000005f8       ??_C@_0BE@MMFL@IRP_MJ_SET_SECURITY?$AA@ 00018698     busbdbg.obj
 0002:0000060c       ??_C@_0BG@NGJE@IRP_MJ_QUERY_SECURITY?$AA@ 000186ac     busbdbg.obj
 0002:00000624       ??_C@_0BH@BAKD@IRP_MJ_CREATE_MAILSLOT?$AA@ 000186c4     busbdbg.obj
 0002:0000063c       ??_C@_0P@FJPB@IRP_MJ_CLEANUP?$AA@ 000186dc     busbdbg.obj
 0002:0000064c       ??_C@_0BE@MIAJ@IRP_MJ_LOCK_CONTROL?$AA@ 000186ec     busbdbg.obj
 0002:00000660       ??_C@_0BA@FLJI@IRP_MJ_SHUTDOWN?$AA@ 00018700     busbdbg.obj
 0002:00000670       ??_C@_0BP@OLMJ@IRP_MJ_INTERNAL_DEVICE_CONTROL?$AA@ 00018710     busbdbg.obj
 0002:00000690       ??_C@_0BG@CLLP@IRP_MJ_DEVICE_CONTROL?$AA@ 00018730     busbdbg.obj
 0002:000006a8       ??_C@_0BL@CBFM@IRP_MJ_FILE_SYSTEM_CONTROL?$AA@ 00018748     busbdbg.obj
 0002:000006c4       ??_C@_0BJ@LBBJ@IRP_MJ_DIRECTORY_CONTROL?$AA@ 00018764     busbdbg.obj
 0002:000006e0       ??_C@_0BO@PIHJ@IRP_MJ_SET_VOLUME_INFORMATION?$AA@ 00018780     busbdbg.obj
 0002:00000700       ??_C@_0CA@HODN@IRP_MJ_QUERY_VOLUME_INFORMATION?$AA@ 000187a0     busbdbg.obj
 0002:00000720       ??_C@_0BF@BPJM@IRP_MJ_FLUSH_BUFFERS?$AA@ 000187c0     busbdbg.obj
 0002:00000738       ??_C@_0O@BKJN@IRP_MJ_SET_EA?$AA@ 000187d8     busbdbg.obj
 0002:00000748       ??_C@_0BA@PAEM@IRP_MJ_QUERY_EA?$AA@ 000187e8     busbdbg.obj
 0002:00000758       ??_C@_0BH@FHGM@IRP_MJ_SET_INFORMATION?$AA@ 000187f8     busbdbg.obj
 0002:00000770       ??_C@_0BJ@BAL@IRP_MJ_QUERY_INFORMATION?$AA@ 00018810     busbdbg.obj
 0002:0000078c       ??_C@_0N@MABG@IRP_MJ_WRITE?$AA@ 0001882c     busbdbg.obj
 0002:0000079c       ??_C@_0M@COKB@IRP_MJ_READ?$AA@ 0001883c     busbdbg.obj
 0002:000007a8       ??_C@_0N@GPKJ@IRP_MJ_CLOSE?$AA@ 00018848     busbdbg.obj
 0002:000007b8       ??_C@_0BJ@NEL@IRP_MJ_CREATE_NAMED_PIPE?$AA@ 00018858     busbdbg.obj
 0002:000007d4       ??_C@_0O@NJLE@IRP_MJ_CREATE?$AA@ 00018874     busbdbg.obj
 0002:000007e8       _GUID_CLASS_I82930_BULK    00018888     bulkusb.obj
 0003:00000000       _gDebugLevel               00018dc0     busbdbg.obj
 0003:00000004       _gpDbg                     00018dc4     busbdbg.obj
 0003:00000008       _gExAllocCount             00018dc8     busbdbg.obj
 0003:00000010       _gDbgBuf                   00018dd0     busbdbg.obj
 0004:00000000       __IMPORT_DESCRIPTOR_NTOSKRNL 00018de0     wdm:NTOSKRNL.EXE
 0004:00000014       __IMPORT_DESCRIPTOR_HAL    00018df4     wdm:HAL.DLL
 0004:00000028       __IMPORT_DESCRIPTOR_USBD   00018e08     usbd:USBD.SYS
 0004:0000003c       __NULL_IMPORT_DESCRIPTOR   00018e1c     wdm:NTOSKRNL.EXE

 entry point at        0001:000004d4

 Static symbols

