 IsoUsb

 Timestamp is 65665602 (Tue Nov 28 16:05:06 2023)

 Preferred load address is 00010000

 Start         Length     Name                   Class
 0001:00000000 00007becH .text                   CODE
 0002:00000000 0000009cH .idata$5                DATA
 0002:000000a0 00000d20H .rdata                  DATA
 0003:00000000 00000008H .data                   DATA
 0003:00000008 00000018H .bss                    DATA
 0004:00000000 0000003cH .idata$2                CODE
 0004:0000003c 00000014H .idata$3                CODE
 0004:00000050 0000009cH .idata$4                CODE
 0004:000000ec 0000030aH .idata$6                CODE
 0005:00000000 00000058H .rsrc$01                DATA
 0005:00000060 00000370H .rsrc$02                DATA

  Address         Publics by Value              Rva+Base     Lib:Object

 0001:00000158       _IsoUsb_GetRegistryDword@12 00010418 f   iusbdbg.obj
 0001:000003ca       _DriverEntry@8             0001068a f   isousb.obj
 0001:0000053d       _IsoUsb_ProcessSysControlIrp@8 000107fd f   isousb.obj
 0001:0000063c       _IsoUsb_Unload@4           000108fc f   isousb.obj
 0001:00000728       _IsoUsb_SymbolicLink@8     000109e8 f   isousb.obj
 0001:00000a75       _IsoUsb_CreateDeviceObject@12 00010d35 f   isousb.obj
 0001:00000d40       _IsoUsb_CallUSBD@8         00011000 f   isousb.obj
 0001:00000fa2       _IsoUsb_ConfigureDevice@4  00011262 f   isousb.obj
 0001:00001468       _IsoUsb_SelectInterface@8  00011728 f   isousb.obj
 0001:00001934       _IsoUsb_ResetPipe@12       00011bf4 f   isousb.obj
 0001:00001acf       _IsoUsb_DecrementIoCount@4 00011d8f f   isousb.obj
 0001:00001be6       _IsoUsb_IncrementIoCount@4 00011ea6 f   isousb.obj
 0001:00001fcf       _IsoUsb_ProcessPnPIrp@8    0001228f f   isopnp.obj
 0001:000025cf       _IsoUsb_PnPAddDevice@8     0001288f f   isopnp.obj
 0001:00002b6e       _IsoUsb_StartDevice@4      00012e2e f   isopnp.obj
 0001:000030a0       _IsoUsb_RemoveDevice@4     00013360 f   isopnp.obj
 0001:0000321b       _IsoUsb_StopDevice@4       000134db f   isopnp.obj
 0001:000032f4       _IsoUsb_IrpCompletionRoutine@12 000135b4 f   isopnp.obj
 0001:000038e6       _IsoUsb_ProcessPowerIrp@8  00013ba6 f   isopwr.obj
 0001:00003e8c       _IsoUsb_PoRequestCompletion@20 0001414c f   isopwr.obj
 0001:000040a3       _IsoUsb_PowerIrp_Complete@12 00014363 f   isopwr.obj
 0001:00004446       _IsoUsb_SelfSuspendOrActivate@8 00014706 f   isopwr.obj
 0001:0000473c       _IsoUsb_SelfRequestPowerIrp@8 000149fc f   isopwr.obj
 0001:000048d9       _IsoUsb_PoSelfRequestCompletion@20 00014b99 f   isopwr.obj
 0001:00004a31       _IsoUsb_SetDevicePowerState@8 00014cf1 f   isopwr.obj
 0001:00004c45       _IsoUsb_QueryCapabilities@8 00014f05 f   isopwr.obj
 0001:00004db9       _IsoUsb_ProcessIOCTL@8     00015079 f   ioctliso.obj
 0001:00004f43       _IsoUsb_ResetDevice@4      00015203 f   ioctliso.obj
 0001:00005168       _IsoUsb_GetPortStatus@8    00015428 f   ioctliso.obj
 0001:000054a4       _IsoUsb_ResetParentPort@4  00015764 f   ioctliso.obj
 0001:000057a3       _IsoUsb_ProcessTransfer@4  00015a63 f   isostrm.obj
 0001:00005969       _IsoUsb_InitializeStreamUrb@8 00015c29 f   isostrm.obj
 0001:00005b47       _IsoUsb_StartTransfer@12   00015e07 f   isostrm.obj
 0001:00005ebe       _IsoUsb_IsoIrp_Complete@12 0001617e f   isostrm.obj
 0001:00006061       _IsoUsb_StreamTimeoutDPC@16 00016321 f   isostrm.obj
 0001:00006124       _IsoUsb_StartIsoStream@8   000163e4 f   isostrm.obj
 0001:00006483       _IsoUsb_StopIsoStream@12   00016743 f   isostrm.obj
 0001:00006852       _IsoUsb_BuildIsoRequest@16 00016b12 f   ocrwiso.obj
 0001:00006ba6       _IsoUsb_IsoReadWrite_Complete@12 00016e66 f   ocrwiso.obj
 0001:00006e3f       _IsoUsb_Read@8             000170ff f   ocrwiso.obj
 0001:0000716e       _IsoUsb_Write@8            0001742e f   ocrwiso.obj
 0001:00007383       _IsoUsb_PipeWithName@8     00017643 f   ocrwiso.obj
 0001:00007543       _IsoUsb_Close@8            00017803 f   ocrwiso.obj
 0001:00007705       _IsoUsb_Create@8           000179c5 f   ocrwiso.obj
 0001:000078e4       _IsoUsb_AbortPipes@4       00017ba4 f   ocrwiso.obj
 0001:00007a3e       _IsoUsb_CanAcceptIoRequests@4 00017cfe f   ocrwiso.obj
 0001:00007a9e       _IsoUsb_CompletionStop@12  00017d5e f   ocrwiso.obj
 0001:00007b35       _IsoUsb_GetCurrentFrame@8  00017df5 f   ocrwiso.obj
 0001:00007be0       _DbgPrint                  00017ea0 f   wdm:NTOSKRNL.EXE
 0001:00007be6       _DbgBreakPoint@0           00017ea6 f   wdm:NTOSKRNL.EXE
 0002:00000000       __imp__KeGetCurrentIrql@0  00017ec0     wdm:HAL.DLL
 0002:00000004       \177HAL_NULL_THUNK_DATA    00017ec4     wdm:HAL.DLL
 0002:00000008       __imp__DbgPrint            00017ec8     wdm:NTOSKRNL.EXE
 0002:0000000c       __imp__ExAllocatePoolWithTag@12 00017ecc     wdm:NTOSKRNL.EXE
 0002:00000010       __imp__ExFreePool@4        00017ed0     wdm:NTOSKRNL.EXE
 0002:00000014       __imp_@IofCallDriver@8     00017ed4     wdm:NTOSKRNL.EXE
 0002:00000018       __imp__wcslen              00017ed8     wdm:NTOSKRNL.EXE
 0002:0000001c       __imp__memmove             00017edc     wdm:NTOSKRNL.EXE
 0002:00000020       __imp__RtlAssert@16        00017ee0     wdm:NTOSKRNL.EXE
 0002:00000024       __imp__IoRegisterDeviceInterface@16 00017ee4     wdm:NTOSKRNL.EXE
 0002:00000028       __imp__RtlFreeUnicodeString@4 00017ee8     wdm:NTOSKRNL.EXE
 0002:0000002c       __imp__KeInitializeEvent@12 00017eec     wdm:NTOSKRNL.EXE
 0002:00000030       __imp__IoCreateDevice@28   00017ef0     wdm:NTOSKRNL.EXE
 0002:00000034       __imp__KeWaitForSingleObject@20 00017ef4     wdm:NTOSKRNL.EXE
 0002:00000038       __imp__IoSetDeviceInterfaceState@8 00017ef8     wdm:NTOSKRNL.EXE
 0002:0000003c       __imp__KeSetEvent@12       00017efc     wdm:NTOSKRNL.EXE
 0002:00000040       __imp__DbgBreakPoint@0     00017f00     wdm:NTOSKRNL.EXE
 0002:00000044       __imp__IoBuildDeviceIoControlRequest@36 00017f04     wdm:NTOSKRNL.EXE
 0002:00000048       __imp_@InterlockedIncrement@4 00017f08     wdm:NTOSKRNL.EXE
 0002:0000004c       __imp__RtlQueryRegistryValues@20 00017f0c     wdm:NTOSKRNL.EXE
 0002:00000050       __imp__IoDeleteDevice@4    00017f10     wdm:NTOSKRNL.EXE
 0002:00000054       __imp__IoDetachDevice@4    00017f14     wdm:NTOSKRNL.EXE
 0002:00000058       __imp__IoAttachDeviceToDeviceStack@8 00017f18     wdm:NTOSKRNL.EXE
 0002:0000005c       __imp__RtlInitUnicodeString@8 00017f1c     wdm:NTOSKRNL.EXE
 0002:00000060       __imp__PoRequestPowerIrp@24 00017f20     wdm:NTOSKRNL.EXE
 0002:00000064       __imp__PoCallDriver@8      00017f24     wdm:NTOSKRNL.EXE
 0002:00000068       __imp__PoStartNextPowerIrp@4 00017f28     wdm:NTOSKRNL.EXE
 0002:0000006c       __imp__IoFreeIrp@4         00017f2c     wdm:NTOSKRNL.EXE
 0002:00000070       __imp__IoAllocateIrp@8     00017f30     wdm:NTOSKRNL.EXE
 0002:00000074       __imp_@InterlockedDecrement@4 00017f34     wdm:NTOSKRNL.EXE
 0002:00000078       __imp__KeSetTimer@16       00017f38     wdm:NTOSKRNL.EXE
 0002:0000007c       __imp__KeInitializeDpc@12  00017f3c     wdm:NTOSKRNL.EXE
 0002:00000080       __imp__KeInitializeTimer@4 00017f40     wdm:NTOSKRNL.EXE
 0002:00000084       __imp_@IofCompleteRequest@8 00017f44     wdm:NTOSKRNL.EXE
 0002:00000088       \177NTOSKRNL_NULL_THUNK_DATA 00017f48     wdm:NTOSKRNL.EXE
 0002:0000008c       __imp__USBD_CreateConfigurationRequest@8 00017f4c     usbd:USBD.SYS
 0002:00000090       __imp__USBD_GetUSBDIVersion@4 00017f50     usbd:USBD.SYS
 0002:00000094       __imp__USBD_ParseConfigurationDescriptorEx@28 00017f54     usbd:USBD.SYS
 0002:00000098       \177USBD_NULL_THUNK_DATA   00017f58     usbd:USBD.SYS
 0002:000001f8       ??_C@_0BD@HNLO@PowerDeviceMaximum?$AA@ 000180b8     iusbdbg.obj
 0002:0000020c       ??_C@_0O@MPNK@PowerDeviceD3?$AA@ 000180cc     iusbdbg.obj
 0002:0000021c       ??_C@_0O@GFEN@PowerDeviceD2?$AA@ 000180dc     iusbdbg.obj
 0002:0000022c       ??_C@_0O@JKPE@PowerDeviceD1?$AA@ 000180ec     iusbdbg.obj
 0002:0000023c       ??_C@_0O@DAGD@PowerDeviceD0?$AA@ 000180fc     iusbdbg.obj
 0002:0000024c       ??_C@_0BH@OAIA@PowerDeviceUnspecified?$AA@ 0001810c     iusbdbg.obj
 0002:00000264       ??_C@_0BD@GFLO@PowerSystemMaximum?$AA@ 00018124     iusbdbg.obj
 0002:00000278       ??_C@_0BE@ECLL@PowerSystemShutdown?$AA@ 00018138     iusbdbg.obj
 0002:0000028c       ??_C@_0BF@CJOB@PowerSystemHibernate?$AA@ 0001814c     iusbdbg.obj
 0002:000002a4       ??_C@_0BF@MODC@PowerSystemSleeping3?$AA@ 00018164     iusbdbg.obj
 0002:000002bc       ??_C@_0BF@GEKF@PowerSystemSleeping2?$AA@ 0001817c     iusbdbg.obj
 0002:000002d4       ??_C@_0BF@JLBM@PowerSystemSleeping1?$AA@ 00018194     iusbdbg.obj
 0002:000002ec       ??_C@_0BD@NDKJ@PowerSystemWorking?$AA@ 000181ac     iusbdbg.obj
 0002:00000300       ??_C@_0BH@JNNM@PowerSystemUnspecified?$AA@ 000181c0     iusbdbg.obj
 0002:00000318       ??_C@_0BL@GNPO@IRP_MN_PAGING_NOTIFICATION?$AA@ 000181d8     iusbdbg.obj
 0002:00000334       ??_C@_0BN@INCI@IRP_MN_QUERY_BUS_INFORMATION?$AA@ 000181f4     iusbdbg.obj
 0002:00000354       ??_C@_0BO@HDMB@IRP_MN_QUERY_PNP_DEVICE_STATE?$AA@ 00018214     iusbdbg.obj
 0002:00000374       ??_C@_0BA@CAHA@IRP_MN_QUERY_ID?$AA@ 00018234     iusbdbg.obj
 0002:00000384       ??_C@_0BA@OKEC@IRP_MN_SET_LOCK?$AA@ 00018244     iusbdbg.obj
 0002:00000394       ??_C@_0N@JHBK@IRP_MN_EJECT?$AA@ 00018254     iusbdbg.obj
 0002:000003a4       ??_C@_0BE@EFAO@IRP_MN_WRITE_CONFIG?$AA@ 00018264     iusbdbg.obj
 0002:000003b8       ??_C@_0BD@ICKD@IRP_MN_READ_CONFIG?$AA@ 00018278     iusbdbg.obj
 0002:000003cc       ??_C@_0CE@EHHF@IRP_MN_FILTER_RESOURCE_REQUIREME@ 0001828c     iusbdbg.obj
 0002:000003f0       ??_C@_0BJ@EFDI@IRP_MN_QUERY_DEVICE_TEXT?$AA@ 000182b0     iusbdbg.obj
 0002:0000040c       ??_C@_0CD@JGIK@IRP_MN_QUERY_RESOURCE_REQUIREMEN@ 000182cc     iusbdbg.obj
 0002:00000430       ??_C@_0BH@NLOI@IRP_MN_QUERY_RESOURCES?$AA@ 000182f0     iusbdbg.obj
 0002:00000448       ??_C@_0BK@OENO@IRP_MN_QUERY_CAPABILITIES?$AA@ 00018308     iusbdbg.obj
 0002:00000464       ??_C@_0BH@FIBO@IRP_MN_QUERY_INTERFACE?$AA@ 00018324     iusbdbg.obj
 0002:0000047c       ??_C@_0BO@BNCN@IRP_MN_QUERY_DEVICE_RELATIONS?$AA@ 0001833c     iusbdbg.obj
 0002:0000049c       ??_C@_0BK@GFJB@IRP_MN_CANCEL_STOP_DEVICE?$AA@ 0001835c     iusbdbg.obj
 0002:000004b8       ??_C@_0BJ@PACP@IRP_MN_QUERY_STOP_DEVICE?$AA@ 00018378     iusbdbg.obj
 0002:000004d4       ??_C@_0BD@BDCC@IRP_MN_STOP_DEVICE?$AA@ 00018394     iusbdbg.obj
 0002:000004e8       ??_C@_0BM@JPLL@IRP_MN_CANCEL_REMOVE_DEVICE?$AA@ 000183a8     iusbdbg.obj
 0002:00000504       ??_C@_0BF@GMPC@IRP_MN_REMOVE_DEVICE?$AA@ 000183c4     iusbdbg.obj
 0002:0000051c       ??_C@_0BL@CLML@IRP_MN_QUERY_REMOVE_DEVICE?$AA@ 000183dc     iusbdbg.obj
 0002:00000538       ??_C@_0BE@IBKL@IRP_MN_START_DEVICE?$AA@ 000183f8     iusbdbg.obj
 0002:0000054c       ??_C@_0L@BEII@IRP_MJ_PNP?$AA@ 0001840c     iusbdbg.obj
 0002:00000558       ??_C@_0BB@DPBP@IRP_MJ_SET_QUOTA?$AA@ 00018418     iusbdbg.obj
 0002:0000056c       ??_C@_0BD@ELL@IRP_MJ_QUERY_QUOTA?$AA@ 0001842c     iusbdbg.obj
 0002:00000580       ??_C@_0BF@BJBK@IRP_MJ_DEVICE_CHANGE?$AA@ 00018440     iusbdbg.obj
 0002:00000598       ??_C@_0BG@MDKH@IRP_MJ_SYSTEM_CONTROL?$AA@ 00018458     iusbdbg.obj
 0002:000005b0       ??_C@_0N@LCHJ@IRP_MJ_POWER?$AA@ 00018470     iusbdbg.obj
 0002:000005c0       ??_C@_0BE@MMFL@IRP_MJ_SET_SECURITY?$AA@ 00018480     iusbdbg.obj
 0002:000005d4       ??_C@_0BG@NGJE@IRP_MJ_QUERY_SECURITY?$AA@ 00018494     iusbdbg.obj
 0002:000005ec       ??_C@_0BH@BAKD@IRP_MJ_CREATE_MAILSLOT?$AA@ 000184ac     iusbdbg.obj
 0002:00000604       ??_C@_0P@FJPB@IRP_MJ_CLEANUP?$AA@ 000184c4     iusbdbg.obj
 0002:00000614       ??_C@_0BE@MIAJ@IRP_MJ_LOCK_CONTROL?$AA@ 000184d4     iusbdbg.obj
 0002:00000628       ??_C@_0BA@FLJI@IRP_MJ_SHUTDOWN?$AA@ 000184e8     iusbdbg.obj
 0002:00000638       ??_C@_0BP@OLMJ@IRP_MJ_INTERNAL_DEVICE_CONTROL?$AA@ 000184f8     iusbdbg.obj
 0002:00000658       ??_C@_0BG@CLLP@IRP_MJ_DEVICE_CONTROL?$AA@ 00018518     iusbdbg.obj
 0002:00000670       ??_C@_0BL@CBFM@IRP_MJ_FILE_SYSTEM_CONTROL?$AA@ 00018530     iusbdbg.obj
 0002:0000068c       ??_C@_0BJ@LBBJ@IRP_MJ_DIRECTORY_CONTROL?$AA@ 0001854c     iusbdbg.obj
 0002:000006a8       ??_C@_0BO@PIHJ@IRP_MJ_SET_VOLUME_INFORMATION?$AA@ 00018568     iusbdbg.obj
 0002:000006c8       ??_C@_0CA@HODN@IRP_MJ_QUERY_VOLUME_INFORMATION?$AA@ 00018588     iusbdbg.obj
 0002:000006e8       ??_C@_0BF@BPJM@IRP_MJ_FLUSH_BUFFERS?$AA@ 000185a8     iusbdbg.obj
 0002:00000700       ??_C@_0O@BKJN@IRP_MJ_SET_EA?$AA@ 000185c0     iusbdbg.obj
 0002:00000710       ??_C@_0BA@PAEM@IRP_MJ_QUERY_EA?$AA@ 000185d0     iusbdbg.obj
 0002:00000720       ??_C@_0BH@FHGM@IRP_MJ_SET_INFORMATION?$AA@ 000185e0     iusbdbg.obj
 0002:00000738       ??_C@_0BJ@BAL@IRP_MJ_QUERY_INFORMATION?$AA@ 000185f8     iusbdbg.obj
 0002:00000754       ??_C@_0N@MABG@IRP_MJ_WRITE?$AA@ 00018614     iusbdbg.obj
 0002:00000764       ??_C@_0M@COKB@IRP_MJ_READ?$AA@ 00018624     iusbdbg.obj
 0002:00000770       ??_C@_0N@GPKJ@IRP_MJ_CLOSE?$AA@ 00018630     iusbdbg.obj
 0002:00000780       ??_C@_0BJ@NEL@IRP_MJ_CREATE_NAMED_PIPE?$AA@ 00018640     iusbdbg.obj
 0002:0000079c       ??_C@_0O@NJLE@IRP_MJ_CREATE?$AA@ 0001865c     iusbdbg.obj
 0002:000007b0       _GUID_CLASS_I82930_ISO     00018670     isousb.obj
 0003:00000000       _gDebugLevel               00018c80     iusbdbg.obj
 0003:00000004       _gpDbg                     00018c84     iusbdbg.obj
 0003:00000008       _gExAllocCount             00018c88     iusbdbg.obj
 0003:00000010       _gDbgBuf                   00018c90     iusbdbg.obj
 0004:00000000       __IMPORT_DESCRIPTOR_NTOSKRNL 00018ca0     wdm:NTOSKRNL.EXE
 0004:00000014       __IMPORT_DESCRIPTOR_HAL    00018cb4     wdm:HAL.DLL
 0004:00000028       __IMPORT_DESCRIPTOR_USBD   00018cc8     usbd:USBD.SYS
 0004:0000003c       __NULL_IMPORT_DESCRIPTOR   00018cdc     wdm:NTOSKRNL.EXE

 entry point at        0001:000003ca

 Static symbols

