 WIN1394

 Timestamp is 656655eb (Tue Nov 28 16:04:43 2023)

 Preferred load address is 01000000

 Start         Length     Name                   Class
 0001:00000000 00000174H .idata$5                CODE
 0001:00000178 00000e9cH .rdata                  CODE
 0001:00001020 00005842H .text                   CODE
 0001:00006864 00000050H .idata$2                CODE
 0001:000068b4 00000014H .idata$3                CODE
 0001:000068c8 00000174H .idata$4                CODE
 0001:00006a3c 0000069aH .idata$6                CODE
 0001:000070d6 00000000H .edata                  CODE
 0002:00000000 00000004H .CRT$XCA                DATA
 0002:00000004 00000004H .CRT$XCZ                DATA
 0002:00000008 00000004H .CRT$XIA                DATA
 0002:0000000c 00000004H .CRT$XIZ                DATA
 0002:00000010 00000010H .data                   DATA
 0002:00000020 0000803cH .bss                    DATA
 0003:00000000 00000bc0H .rsrc$01                DATA
 0003:00000bc0 000062d8H .rsrc$02                DATA

  Address         Publics by Value              Rva+Base     Lib:Object

 0001:00000000       __imp__GetDeviceList@4     01001000     1394api:1394API.DLL
 0001:00000004       __imp__IsochQueryResources@12 01001004     1394api:1394API.DLL
 0001:00000008       __imp__AsyncWrite@16       01001008     1394api:1394API.DLL
 0001:0000000c       __imp__IsochQueryCurrentCycleTime@12 0100100c     1394api:1394API.DLL
 0001:00000010       __imp__FreeAddressRange@12 01001010     1394api:1394API.DLL
 0001:00000014       __imp__AllocateAddressRange@16 01001014     1394api:1394API.DLL
 0001:00000018       __imp__AsyncRead@16        01001018     1394api:1394API.DLL
 0001:0000001c       __imp__BusResetNotification@12 0100101c     1394api:1394API.DLL
 0001:00000020       __imp__SendPhyConfigurationPacket@12 01001020     1394api:1394API.DLL
 0001:00000024       __imp__SetLocalHostInformation@12 01001024     1394api:1394API.DLL
 0001:00000028       __imp__GetConfigurationInformation@8 01001028     1394api:1394API.DLL
 0001:0000002c       __imp__GetMaxSpeedBetweenDevices@12 0100102c     1394api:1394API.DLL
 0001:00000030       __imp__SetDeviceXmitProperties@12 01001030     1394api:1394API.DLL
 0001:00000034       __imp__Get1394AddressFromDeviceObject@12 01001034     1394api:1394API.DLL
 0001:00000038       __imp__GetLocalHostInformation@16 01001038     1394api:1394API.DLL
 0001:0000003c       __imp__Control@8           0100103c     1394api:1394API.DLL
 0001:00000040       __imp__BusReset@12         01001040     1394api:1394API.DLL
 0001:00000044       __imp__AsyncLock@12        01001044     1394api:1394API.DLL
 0001:00000048       __imp__GetGenerationCount@12 01001048     1394api:1394API.DLL
 0001:0000004c       __imp__IsochSetChannelBandwidth@12 0100104c     1394api:1394API.DLL
 0001:00000050       __imp__AsyncStopLoopback@4 01001050     1394api:1394API.DLL
 0001:00000054       __imp__AsyncStreamStartLoopback@12 01001054     1394api:1394API.DLL
 0001:00000058       __imp__AsyncStartLoopback@12 01001058     1394api:1394API.DLL
 0001:0000005c       __imp__AsyncStream@16      0100105c     1394api:1394API.DLL
 0001:00000060       __imp__AsyncStreamStopLoopback@4 01001060     1394api:1394API.DLL
 0001:00000064       __imp__IsochAllocateBandwidth@12 01001064     1394api:1394API.DLL
 0001:00000068       __imp__DiagnosticMode@16   01001068     1394api:1394API.DLL
 0001:0000006c       __imp__DeRegisterClient@4  0100106c     1394api:1394API.DLL
 0001:00000070       __imp__RegisterClient@4    01001070     1394api:1394API.DLL
 0001:00000074       __imp__IsochStopLoopback@4 01001074     1394api:1394API.DLL
 0001:00000078       __imp__IsochStartLoopback@12 01001078     1394api:1394API.DLL
 0001:0000007c       __imp__IsochTalk@12        0100107c     1394api:1394API.DLL
 0001:00000080       __imp__IsochStop@12        01001080     1394api:1394API.DLL
 0001:00000084       __imp__IsochAllocateResources@12 01001084     1394api:1394API.DLL
 0001:00000088       __imp__IsochAllocateChannel@12 01001088     1394api:1394API.DLL
 0001:0000008c       __imp__IsochListen@12      0100108c     1394api:1394API.DLL
 0001:00000090       __imp__IsochFreeResources@12 01001090     1394api:1394API.DLL
 0001:00000094       __imp__IsochFreeChannel@12 01001094     1394api:1394API.DLL
 0001:00000098       __imp__IsochFreeBandwidth@12 01001098     1394api:1394API.DLL
 0001:0000009c       __imp__IsochDetachBuffers@12 0100109c     1394api:1394API.DLL
 0001:000000a0       __imp__IsochAttachBuffers@20 010010a0     1394api:1394API.DLL
 0001:000000a4       \1771394API_NULL_THUNK_DATA 010010a4     1394api:1394API.DLL
 0001:000000a8       __imp__GetLocalTime@4      010010a8     kernel32:KERNEL32.dll
 0001:000000ac       __imp__GetStartupInfoA@4   010010ac     kernel32:KERNEL32.dll
 0001:000000b0       __imp__GetModuleHandleA@4  010010b0     kernel32:KERNEL32.dll
 0001:000000b4       __imp__lstrcmpA@8          010010b4     kernel32:KERNEL32.dll
 0001:000000b8       __imp__OutputDebugStringA@4 010010b8     kernel32:KERNEL32.dll
 0001:000000bc       __imp__LocalFree@4         010010bc     kernel32:KERNEL32.dll
 0001:000000c0       __imp__LocalAlloc@8        010010c0     kernel32:KERNEL32.dll
 0001:000000c4       \177KERNEL32_NULL_THUNK_DATA 010010c4     kernel32:KERNEL32.dll
 0001:000000c8       __imp__strtoul             010010c8     msvcrt:MSVCRT.dll
 0001:000000cc       __imp___exit               010010cc     msvcrt:MSVCRT.dll
 0001:000000d0       __imp____set_app_type      010010d0     msvcrt:MSVCRT.dll
 0001:000000d4       __imp___controlfp          010010d4     msvcrt:MSVCRT.dll
 0001:000000d8       __imp___except_handler3    010010d8     msvcrt:MSVCRT.dll
 0001:000000dc       __imp___adjust_fdiv        010010dc     msvcrt:MSVCRT.dll
 0001:000000e0       __imp____p__fmode          010010e0     msvcrt:MSVCRT.dll
 0001:000000e4       __imp____p__commode        010010e4     msvcrt:MSVCRT.dll
 0001:000000e8       __imp____getmainargs       010010e8     msvcrt:MSVCRT.dll
 0001:000000ec       __imp____setusermatherr    010010ec     msvcrt:MSVCRT.dll
 0001:000000f0       __imp___initterm           010010f0     msvcrt:MSVCRT.dll
 0001:000000f4       __imp___XcptFilter         010010f4     msvcrt:MSVCRT.dll
 0001:000000f8       __imp___acmdln             010010f8     msvcrt:MSVCRT.dll
 0001:000000fc       __imp__exit                010010fc     msvcrt:MSVCRT.dll
 0001:00000100       __imp___ultoa              01001100     msvcrt:MSVCRT.dll
 0001:00000104       \177MSVCRT_NULL_THUNK_DATA 01001104     msvcrt:MSVCRT.dll
 0001:00000108       __imp__GetDlgItem@8        01001108     user32:USER32.dll
 0001:0000010c       __imp__RegisterClassExA@4  0100110c     user32:USER32.dll
 0001:00000110       __imp__ShowWindow@8        01001110     user32:USER32.dll
 0001:00000114       __imp__GetMessageA@16      01001114     user32:USER32.dll
 0001:00000118       __imp__TranslateMessage@4  01001118     user32:USER32.dll
 0001:0000011c       __imp__MoveWindow@24       0100111c     user32:USER32.dll
 0001:00000120       __imp__PostQuitMessage@4   01001120     user32:USER32.dll
 0001:00000124       __imp__CreateWindowExA@48  01001124     user32:USER32.dll
 0001:00000128       __imp__SetTimer@16         01001128     user32:USER32.dll
 0001:0000012c       __imp__DefWindowProcA@16   0100112c     user32:USER32.dll
 0001:00000130       __imp__LoadIconA@8         01001130     user32:USER32.dll
 0001:00000134       __imp__SendDlgItemMessageA@20 01001134     user32:USER32.dll
 0001:00000138       __imp__GetWindowTextLengthA@4 01001138     user32:USER32.dll
 0001:0000013c       __imp__SendMessageA@16     0100113c     user32:USER32.dll
 0001:00000140       __imp__wsprintfA           01001140     user32:USER32.dll
 0001:00000144       __imp__wvsprintfA@12       01001144     user32:USER32.dll
 0001:00000148       __imp__GetDlgItemTextA@16  01001148     user32:USER32.dll
 0001:0000014c       __imp__SetDlgItemTextA@12  0100114c     user32:USER32.dll
 0001:00000150       __imp__CheckRadioButton@16 01001150     user32:USER32.dll
 0001:00000154       __imp__GetWindowLongA@8    01001154     user32:USER32.dll
 0001:00000158       __imp__DialogBoxParamA@20  01001158     user32:USER32.dll
 0001:0000015c       __imp__IsDlgButtonChecked@8 0100115c     user32:USER32.dll
 0001:00000160       __imp__EndDialog@8         01001160     user32:USER32.dll
 0001:00000164       __imp__CheckDlgButton@12   01001164     user32:USER32.dll
 0001:00000168       __imp__SetWindowTextA@8    01001168     user32:USER32.dll
 0001:0000016c       __imp__DispatchMessageA@4  0100116c     user32:USER32.dll
 0001:00000170       \177USER32_NULL_THUNK_DATA 01001170     user32:USER32.dll
 0001:000001d4       ??_C@_0BG@MBG@Exit?5w1394_BusReset?$AN?6?$AA@ 010011d4     1394.obj
 0001:000001ec       ??_C@_08HLBB@BusReset?$AA@ 010011ec     1394.obj
 0001:000001f8       ??_C@_0BH@EGLL@Enter?5w1394_BusReset?$AN?6?$AA@ 010011f8     1394.obj
 0001:00000210       ??_C@_0CA@NDMB@Exit?5w1394_GetGenerationCount?$AN?6?$AA@ 01001210     1394.obj
 0001:00000230       ??_C@_0CB@IIAC@Enter?5w1394_GetGenerationCount?$AN?6@ 01001230     1394.obj
 0001:00000254       ??_C@_0CF@OAGD@Exit?5w1394_GetLocalHostInformati@ 01001254     1394.obj
 0001:0000027c       ??_C@_02PIMC@?$AN?6?$AA@   0100127c     1394.obj
 0001:00000280       ??_C@_0BK@NOCD@Error?5getting?5NodeCount?$AN?6?$AA@ 01001280     1394.obj
 0001:0000029c       ??_C@_04PDMD@?$AN?6?7?7?$AA@ 0100129c     1394.obj
 0001:000002a4       ??_C@_03IDOL@?$CFd?7?$AA@  010012a4     1394.obj
 0001:000002a8       ??_C@_0P@DPHM@SpeedCodes?5?$DN?5?7?$AA@ 010012a8     1394.obj
 0001:000002b8       ??_C@_0BH@BALN@CsrDataLength?5?$DN?50x?$CFx?$AN?6?$AA@ 010012b8     1394.obj
 0001:000002d0       ??_C@_0BG@GBDK@Insufficient?5Buffer?$AN?6?$AA@ 010012d0     1394.obj
 0001:000002e8       ??_C@_0BB@KEJG@GetLocalHostInfo?$AA@ 010012e8     1394.obj
 0001:000002fc       ??_C@_0CG@JPIG@Enter?5w1394_GetLocalHostInformat@ 010012fc     1394.obj
 0001:00000324       ??_C@_0CM@IJKC@Exit?5w1394_Get1394AddressFromDev@ 01001324     1394.obj
 0001:00000350       ??_C@_0BM@NPA@Get1394AddrFromDeviceObject?$AA@ 01001350     1394.obj
 0001:0000036c       ??_C@_0CN@DAAP@Enter?5w1394_Get1394AddressFromDe@ 0100136c     1394.obj
 0001:0000039c       ??_C@_0BF@HIHM@Exit?5w1394_Control?$AN?6?$AA@ 0100139c     1394.obj
 0001:000003b4       ??_C@_0BG@NFLC@Enter?5w1394_Control?$AN?6?$AA@ 010013b4     1394.obj
 0001:000003cc       ??_C@_0CH@MJAA@Exit?5w1394_GetMaxSpeedBetweenDev@ 010013cc     1394.obj
 0001:000003f4       ??_C@_0M@NLNB@GetMaxSpeed?$AA@ 010013f4     1394.obj
 0001:00000400       ??_C@_0CI@GAJI@Enter?5w1394_GetMaxSpeedBetweenDe@ 01001400     1394.obj
 0001:00000428       ??_C@_0CC@JFOJ@Exit?5w1394_GetConfigurationInfo?$AN@ 01001428     1394.obj
 0001:0000044c       ??_C@_0CD@CICN@Enter?5w1394_GetConfigurationInfo@ 0100144c     1394.obj
 0001:00000470       ??_C@_0CF@EELF@Exit?5w1394_SetDeviceXmitProperti@ 01001470     1394.obj
 0001:00000498       ??_C@_0BI@KIH@SetDeviceXmitProperties?$AA@ 01001498     1394.obj
 0001:000004b0       ??_C@_0CG@DLFA@Enter?5w1394_SetDeviceXmitPropert@ 010014b0     1394.obj
 0001:000004d8       ??_C@_0CB@DHAA@Exit?5w1394_SendPhyConfigPacket?$AN?6@ 010014d8     1394.obj
 0001:000004fc       ??_C@_0BE@DHHK@SendPhyConfigPacket?$AA@ 010014fc     1394.obj
 0001:00000510       ??_C@_0CC@PDFL@Enter?5w1394_SendPhyConfigPacket?$AN@ 01001510     1394.obj
 0001:00000534       ??_C@_0CC@OJF@Exit?5w1394_BusResetNotification?$AN@ 01001534     1394.obj
 0001:00000558       ??_C@_0BF@KHNF@BusResetNotification?$AA@ 01001558     1394.obj
 0001:00000570       ??_C@_0CD@LDFB@Enter?5w1394_BusResetNotification@ 01001570     1394.obj
 0001:00000594       ??_C@_0BO@DGCG@Exit?5w1394_SetLocalHostInfo?$AN?6?$AA@ 01001594     1394.obj
 0001:000005b4       ??_C@_0BB@DPLG@SetLocalHostInfo?$AA@ 010015b4     1394.obj
 0001:000005c8       ??_C@_0BP@CDAI@Enter?5w1394_SetLocalHostInfo?$AN?6?$AA@ 010015c8     1394.obj
 0001:000005e8       ??_C@_0CC@BBLP@Exit?5w1394_AllocateAddressRange?$AN@ 010015e8     async.obj
 0001:0000060c       ??_C@_0BF@LHIN@AllocateAddressRange?$AA@ 0100160c     async.obj
 0001:00000624       ??_C@_0CD@KMHL@Enter?5w1394_AllocateAddressRange@ 01001624     async.obj
 0001:00000648       ??_C@_0BO@JCO@Exit?5w1394_FreeAddressRange?$AN?6?$AA@ 01001648     async.obj
 0001:00000668       ??_C@_0BB@MIKN@FreeAddressRange?$AA@ 01001668     async.obj
 0001:0000067c       ??_C@_0BP@BMAA@Enter?5w1394_FreeAddressRange?$AN?6?$AA@ 0100167c     async.obj
 0001:0000069c       ??_C@_0BH@PAMI@Exit?5w1394_AsyncRead?$AN?6?$AA@ 0100169c     async.obj
 0001:000006b4       ??_C@_09IDFP@AsyncRead?$AA@ 010016b4     async.obj
 0001:000006c0       ??_C@_0BI@FEIC@Enter?5w1394_AsyncRead?$AN?6?$AA@ 010016c0     async.obj
 0001:000006d8       ??_C@_0BI@MFFD@Exit?5w1394_AsyncWrite?$AN?6?$AA@ 010016d8     async.obj
 0001:000006f0       ??_C@_0L@PCFL@AsyncWrite?$AA@ 010016f0     async.obj
 0001:000006fc       ??_C@_0BJ@BAPH@Enter?5w1394_AsyncWrite?$AN?6?$AA@ 010016fc     async.obj
 0001:00000718       ??_C@_0BH@FPBL@Exit?5w1394_AsyncLock?$AN?6?$AA@ 01001718     async.obj
 0001:00000730       ??_C@_09DLJC@AsyncLock?$AA@ 01001730     async.obj
 0001:0000073c       ??_C@_0BI@PLFB@Enter?5w1394_AsyncLock?$AN?6?$AA@ 0100173c     async.obj
 0001:00000754       ??_C@_0BJ@HLGF@Exit?5w1394_AsyncStream?$AN?6?$AA@ 01001754     async.obj
 0001:00000770       ??_C@_0M@MGP@AsyncStream?$AA@ 01001770     async.obj
 0001:0000077c       ??_C@_0BK@MJLA@Enter?5w1394_AsyncStream?$AN?6?$AA@ 0100177c     async.obj
 0001:00000798       ??_C@_0CA@PMEG@Exit?5w1394_AsyncStartLoopback?$AN?6?$AA@ 01001798     async.obj
 0001:000007b8       ??_C@_0O@IFPD@AsyncLoopback?$AA@ 010017b8     async.obj
 0001:000007c8       ??_C@_0CB@KHIF@Enter?5w1394_AsyncStartLoopback?$AN?6@ 010017c8     async.obj
 0001:000007ec       ??_C@_0BP@DBAE@Exit?5w1394_AsyncStopLoopback?$AN?6?$AA@ 010017ec     async.obj
 0001:0000080c       ??_C@_0CA@PCBB@Enter?5w1394_AsyncStopLoopback?$AN?6?$AA@ 0100180c     async.obj
 0001:0000082c       ??_C@_0CG@BACC@Exit?5w1394_AsyncStreamStartLoopb@ 0100182c     async.obj
 0001:00000854       ??_C@_0BE@FFFG@AsyncStreamLoopback?$AA@ 01001854     async.obj
 0001:00000868       ??_C@_0CH@IIFN@Enter?5w1394_AsyncStreamStartLoop@ 01001868     async.obj
 0001:00000890       ??_C@_0CF@FFDM@Exit?5w1394_AsyncStreamStopLoopba@ 01001890     async.obj
 0001:000008b8       ??_C@_0CG@CKNJ@Enter?5w1394_AsyncStreamStopLoopb@ 010018b8     async.obj
 0001:000008e0       ??_C@_0CD@HELA@Exit?5w1394IsochAllocateBandwidth@ 010018e0     isoch.obj
 0001:00000904       ??_C@_0BH@HMGM@IsochAllocateBandwidth?$AA@ 01001904     isoch.obj
 0001:0000091c       ??_C@_0CE@EEAN@Enter?5w1394IsochAllocateBandwidt@ 0100191c     isoch.obj
 0001:00000940       ??_C@_0CC@IHEL@Exit?5w1394_IsochAllocateChannel?$AN@ 01001940     isoch.obj
 0001:00000964       ??_C@_0BF@GINB@IsochAllocateChannel?$AA@ 01001964     isoch.obj
 0001:0000097c       ??_C@_0CD@DKIP@Enter?5w1394_IsochAllocateChannel@ 0100197c     isoch.obj
 0001:000009a0       ??_C@_0CE@KFAG@Exit?5w1394_IsochAllocateResource@ 010019a0     isoch.obj
 0001:000009c4       ??_C@_0BH@PCJP@IsochAllocateResources?$AA@ 010019c4     isoch.obj
 0001:000009dc       ??_C@_0CF@EADG@Enter?5w1394_IsochAllocateResourc@ 010019dc     isoch.obj
 0001:00000a04       ??_C@_0CA@MMIB@Exit?5w1394_IsochAttachBuffers?$AN?6?$AA@ 01001a04     isoch.obj
 0001:00000a24       ??_C@_0BD@FJL@IsochAttachBuffers?$AA@ 01001a24     isoch.obj
 0001:00000a38       ??_C@_0CB@JHEC@Enter?5w1394_IsochAttachBuffers?$AN?6@ 01001a38     isoch.obj
 0001:00000a5c       ??_C@_0CA@KBOH@Exit?5w1394_IsochDetachBuffers?$AN?6?$AA@ 01001a5c     isoch.obj
 0001:00000a7c       ??_C@_0BD@KCAD@IsochDetachBuffers?$AA@ 01001a7c     isoch.obj
 0001:00000a90       ??_C@_0CB@PKCE@Enter?5w1394_IsochDetachBuffers?$AN?6@ 01001a90     isoch.obj
 0001:00000ab4       ??_C@_0CA@NIJJ@Exit?5w1394_IsochFreeBandwidth?$AN?6?$AA@ 01001ab4     isoch.obj
 0001:00000ad4       ??_C@_0BD@KGKD@IsochFreeBandwidth?$AA@ 01001ad4     isoch.obj
 0001:00000ae8       ??_C@_0CB@IDFK@Enter?5w1394_IsochFreeBandwidth?$AN?6@ 01001ae8     isoch.obj
 0001:00000b0c       ??_C@_0BO@KCHJ@Exit?5w1394_IsochFreeChannel?$AN?6?$AA@ 01001b0c     isoch.obj
 0001:00000b2c       ??_C@_0BB@FPAC@IsochFreeChannel?$AA@ 01001b2c     isoch.obj
 0001:00000b40       ??_C@_0BP@LHFH@Enter?5w1394_IsochFreeChannel?$AN?6?$AA@ 01001b40     isoch.obj
 0001:00000b60       ??_C@_0CA@GIGF@Exit?5w1394_IsochFreeResources?$AN?6?$AA@ 01001b60     isoch.obj
 0001:00000b80       ??_C@_0BD@CIFA@IsochFreeResources?$AA@ 01001b80     isoch.obj
 0001:00000b94       ??_C@_0CB@DDKG@Enter?5w1394_IsochFreeResources?$AN?6@ 01001b94     isoch.obj
 0001:00000bb8       ??_C@_0BJ@NLFF@Exit?5w1394_IsochListen?$AN?6?$AA@ 01001bb8     isoch.obj
 0001:00000bd4       ??_C@_0M@BAEB@IsochListen?$AA@ 01001bd4     isoch.obj
 0001:00000be0       ??_C@_0BK@GJIA@Enter?5w1394_IsochListen?$AN?6?$AA@ 01001be0     isoch.obj
 0001:00000bfc       ??_C@_0CI@JPFB@Exit?5w1394_IsochQueryCurrentCycl@ 01001bfc     isoch.obj
 0001:00000c24       ??_C@_0CJ@FLPI@Enter?5w1394_IsochQueryCurrentCyc@ 01001c24     isoch.obj
 0001:00000c50       ??_C@_0CB@HNOG@Exit?5w1394_IsochQueryResources?$AN?6@ 01001c50     isoch.obj
 0001:00000c74       ??_C@_0BE@BEBF@IsochQueryResources?$AA@ 01001c74     isoch.obj
 0001:00000c88       ??_C@_0CC@LJLN@Enter?5w1394_IsochQueryResources?$AN@ 01001c88     isoch.obj
 0001:00000cac       ??_C@_0CG@CBNL@Exit?5w1394_IsochSetChannelBandwi@ 01001cac     isoch.obj
 0001:00000cd4       ??_C@_0BJ@GDCL@IsochSetChannelBandwidth?$AA@ 01001cd4     isoch.obj
 0001:00000cf0       ??_C@_0CH@LJKE@Enter?5w1394_IsochSetChannelBandw@ 01001cf0     isoch.obj
 0001:00000d18       ??_C@_0BH@IIOL@Exit?5w1394_IsochStop?$AN?6?$AA@ 01001d18     isoch.obj
 0001:00000d30       ??_C@_09IHPE@IsochStop?$AA@ 01001d30     isoch.obj
 0001:00000d3c       ??_C@_0BI@CMKB@Enter?5w1394_IsochStop?$AN?6?$AA@ 01001d3c     isoch.obj
 0001:00000d54       ??_C@_0BH@GKHM@Exit?5w1394_IsochTalk?$AN?6?$AA@ 01001d54     isoch.obj
 0001:00000d6c       ??_C@_09HPOC@IsochTalk?$AA@ 01001d6c     isoch.obj
 0001:00000d78       ??_C@_0BI@MODG@Enter?5w1394_IsochTalk?$AN?6?$AA@ 01001d78     isoch.obj
 0001:00000d90       ??_C@_0CA@CJDG@Exit?5w1394_IsochStartLoopback?$AN?6?$AA@ 01001d90     isoch.obj
 0001:00000db0       ??_C@_0O@EDAA@IsochLoopback?$AA@ 01001db0     isoch.obj
 0001:00000dc0       ??_C@_0CB@HCPF@Enter?5w1394_IsochStartLoopback?$AN?6@ 01001dc0     isoch.obj
 0001:00000de4       ??_C@_0BP@EBEM@Exit?5w1394_IsochStopLoopback?$AN?6?$AA@ 01001de4     isoch.obj
 0001:00000e04       ??_C@_0CA@ICFJ@Enter?5w1394_IsochStopLoopback?$AN?6?$AA@ 01001e04     isoch.obj
 0001:00000e24       ??_C@_0N@PFMA@?2?2?4?21394BUS0?$AA@ 01001e24     win1394.obj
 0001:00000e34       ??_C@_02DILL@?$CFs?$AA@    01001e34     win1394.obj
 0001:00000e38       ??_C@_0BO@OOOI@Exit?5w1394_SelectTestDevice?$AN?6?$AA@ 01001e38     win1394.obj
 0001:00000e58       ??_C@_0BH@LHL@Selected?5Device?5?$DN?5?$CFs?$AN?6?$AA@ 01001e58     win1394.obj
 0001:00000e70       ??_C@_0N@NKAM@SelectDevice?$AA@ 01001e70     win1394.obj
 0001:00000e80       ??_C@_0BP@PLMG@Enter?5w1394_SelectTestDevice?$AN?6?$AA@ 01001e80     win1394.obj
 0001:00000ea0       ??_C@_04OJPN@edit?$AA@     01001ea0     win1394.obj
 0001:00000ea8       ??_C@_0BM@HOBB@No?5available?5test?5device?4?$AN?6?$AA@ 01001ea8     win1394.obj
 0001:00000ec4       ??_C@_0N@HLKP@IDD_ABOUTBOX?$AA@ 01001ec4     win1394.obj
 0001:00000ed4       ??_C@_01A@?$AA?$AA@        01001ed4     win1394.obj
 0001:00000ed8       ??_C@_0DN@POOC@Async?5Stream?5?9?5Iterations?5?$DN?50x?$CFx@ 01001ed8     win1394.obj
 0001:00000f18       ??_C@_0DG@BFAP@Isoch?5?9?5Iterations?5?$DN?50x?$CFx?7?7Pass?5@ 01001f18     win1394.obj
 0001:00000f50       ??_C@_0DG@GGMD@Async?5?9?5Iterations?5?$DN?50x?$CFx?7?7Pass?5@ 01001f50     win1394.obj
 0001:00000f88       ??_C@_0BI@EFJH@DeviceName?$FL0x?$CFx?$FN?5?$DN?5?$CFs?$AN?6?$AA@ 01001f88     win1394.obj
 0001:00000fa0       ??_C@_0BE@DHNO@numDevices?5?$DN?50x?$CFx?$AN?6?$AA@ 01001fa0     win1394.obj
 0001:00000fb4       ??_C@_0BH@JNCI@NOTIFY_DEVICE_CHANGE?$AN?6?$AA@ 01001fb4     win1394.obj
 0001:00000fcc       ??_C@_0P@MDJL@BUS?5RESET?$CB?$CB?$CB?$AN?6?$AA@ 01001fcc     win1394.obj
 0001:00000fdc       ??_C@_07PCKC@AppMenu?$AA@  01001fdc     win1394.obj
 0001:00000fe4       ??_C@_0BE@KDCO@Win1394?5Application?$AA@ 01001fe4     win1394.obj
 0001:00000ff8       ??_C@_0P@LLLI@w1394_AppClass?$AA@ 01001ff8     win1394.obj
 0001:00001020       _BusResetDlgProc@16        01002020 f   1394.obj
 0001:00001098       _w1394_BusReset@8          01002098 f   1394.obj
 0001:00001103       _w1394_GetGenerationCount@8 01002103 f   1394.obj
 0001:0000114a       _GetLocalHostInfoDlgProc@16 0100214a f   1394.obj
 0001:0000127b       _w1394_GetLocalHostInfo@8  0100227b f   1394.obj
 0001:000014cc       _Get1394AddressFromDeviceObjectDlgProc@16 010024cc f   1394.obj
 0001:00001541       _w1394_Get1394AddressFromDeviceObject@8 01002541 f   1394.obj
 0001:000015af       _w1394_Control@8           010025af f   1394.obj
 0001:000015f1       _GetMaxSpeedBetweenDevicesDlgProc@16 010025f1 f   1394.obj
 0001:00001666       _w1394_GetMaxSpeedBetweenDevices@8 01002666 f   1394.obj
 0001:000016e8       _w1394_GetConfigurationInfo@8 010026e8 f   1394.obj
 0001:0000172a       _SetDeviceXmitPropertiesDlgProc@16 0100272a f   1394.obj
 0001:0000182a       _w1394_SetDeviceXmitProperties@8 0100282a f   1394.obj
 0001:0000189f       _SendPhyConfigDlgProc@16   0100289f f   1394.obj
 0001:00001b7b       _w1394_SendPhyConfigPacket@8 01002b7b f   1394.obj
 0001:00001c06       _BusResetNotificationDlgProc@16 01002c06 f   1394.obj
 0001:00001c99       _w1394_BusResetNotification@8 01002c99 f   1394.obj
 0001:00001d07       _SetLocalHostInfoDlgProc@16 01002d07 f   1394.obj
 0001:00001f2d       _w1394_SetLocalHostInfo@8  01002f2d f   1394.obj
 0001:00001fe3       _AllocateAddressRangeDlgProc@16 01002fe3 f   async.obj
 0001:000022fb       _w1394_AllocateAddressRange@8 010032fb f   async.obj
 0001:0000238f       _FreeAddressRangeDlgProc@16 0100338f f   async.obj
 0001:00002420       _w1394_FreeAddressRange@8  01003420 f   async.obj
 0001:0000248b       _AsyncReadDlgProc@16       0100348b f   async.obj
 0001:0000278a       _w1394_AsyncRead@8         0100378a f   async.obj
 0001:0000282c       _AsyncWriteDlgProc@16      0100382c f   async.obj
 0001:00002b61       _w1394_AsyncWrite@8        01003b61 f   async.obj
 0001:00002bfd       _AsyncLockDlgProc@16       01003bfd f   async.obj
 0001:00003099       _w1394_AsyncLock@8         01004099 f   async.obj
 0001:00003140       _AsyncStreamDlgProc@16     01004140 f   async.obj
 0001:00003362       _w1394_AsyncStream@8       01004362 f   async.obj
 0001:000033eb       _AsyncLoopbackDlgProc@16   010043eb f   async.obj
 0001:0000361d       _w1394_AsyncStartLoopback@12 0100461d f   async.obj
 0001:000036b7       _w1394_AsyncStopLoopback@8 010046b7 f   async.obj
 0001:000036f6       _AsyncStreamLoopbackDlgProc@16 010046f6 f   async.obj
 0001:00003958       _w1394_AsyncStreamStartLoopback@12 01004958 f   async.obj
 0001:000039fc       _w1394_AsyncStreamStopLoopback@8 010049fc f   async.obj
 0001:00003a3b       _DbgPrt                    01004a3b f   debug.obj
 0001:00003a7c       _IsochAllocateBandwidthDlgProc@16 01004a7c f   isoch.obj
 0001:00003bd7       _w1394_IsochAllocateBandwidth@8 01004bd7 f   isoch.obj
 0001:00003c50       _IsochAllocateChannelDlgProc@16 01004c50 f   isoch.obj
 0001:00003ce1       _w1394_IsochAllocateChannel@8 01004ce1 f   isoch.obj
 0001:00003d50       _IsochAllocateResourcesDlgProc@16 01004d50 f   isoch.obj
 0001:000040b4       _w1394_IsochAllocateResources@8 010050b4 f   isoch.obj
 0001:00004145       _IsochAttachBuffersDlgProc@16 01005145 f   isoch.obj
 0001:00004590       _w1394_IsochAttachBuffers@8 01005590 f   isoch.obj
 0001:0000463b       _IsochDetachBuffersDlgProc@16 0100563b f   isoch.obj
 0001:00004762       _w1394_IsochDetachBuffers@8 01005762 f   isoch.obj
 0001:000047d8       _IsochFreeBandwidthDlgProc@16 010057d8 f   isoch.obj
 0001:00004869       _w1394_IsochFreeBandwidth@8 01005869 f   isoch.obj
 0001:000048d4       _IsochFreeChannelDlgProc@16 010058d4 f   isoch.obj
 0001:00004965       _w1394_IsochFreeChannel@8  01005965 f   isoch.obj
 0001:000049d0       _IsochFreeResourcesDlgProc@16 010059d0 f   isoch.obj
 0001:00004a61       _w1394_IsochFreeResources@8 01005a61 f   isoch.obj
 0001:00004acc       _IsochListenDlgProc@16     01005acc f   isoch.obj
 0001:00004c79       _w1394_IsochListen@8       01005c79 f   isoch.obj
 0001:00004cfd       _w1394_IsochQueryCurrentCycleTime@8 01005cfd f   isoch.obj
 0001:00004d44       _IsochQueryResourcesDlgProc@16 01005d44 f   isoch.obj
 0001:00004e44       _w1394_IsochQueryResources@8 01005e44 f   isoch.obj
 0001:00004eb6       _IsochSetChannelBandwidthDlgProc@16 01005eb6 f   isoch.obj
 0001:00004f9f       _w1394_IsochSetChannelBandwidth@8 01005f9f f   isoch.obj
 0001:00005014       _IsochStopDlgProc@16       01006014 f   isoch.obj
 0001:000050a5       _w1394_IsochStop@8         010060a5 f   isoch.obj
 0001:00005117       _IsochTalkDlgProc@16       01006117 f   isoch.obj
 0001:000052c4       _w1394_IsochTalk@8         010062c4 f   isoch.obj
 0001:00005348       _IsochLoopbackDlgProc@16   01006348 f   isoch.obj
 0001:0000596d       _w1394_IsochStartLoopback@12 0100696d f   isoch.obj
 0001:00005a1a       _w1394_IsochStopLoopback@8 01006a1a f   isoch.obj
 0001:00005a59       _WriteTextToEditControl@8  01006a59 f   util.obj
 0001:00005a8c       _SelectDeviceDlgProc@16    01006a8c f   win1394.obj
 0001:00005bbc       _w1394_SelectTestDevice@4  01006bbc f   win1394.obj
 0001:00005c32       _w1394_AboutDlgProc@16     01006c32 f   win1394.obj
 0001:00005c86       _w1394_AppWndProc@16       01006c86 f   win1394.obj
 0001:00006468       _WinMain@16                01007468 f   win1394.obj
 0001:00006560       _WinMainCRTStartup         01007560 f   msvcrt:crtexew.obj
 0001:00006710       __XcptFilter               01007710 f   msvcrt:MSVCRT.dll
 0001:00006716       __initterm                 01007716 f   msvcrt:MSVCRT.dll
 0001:00006720       __setdefaultprecision      01007720 f   msvcrt:fp8.obj
 0001:00006740       __matherr                  01007740 f   msvcrt:merr.obj
 0001:00006750       __setargv                  01007750 f   msvcrt:dllargv.obj
 0001:00006760       __except_handler3          01007760 f   msvcrt:MSVCRT.dll
 0001:00006766       __controlfp                01007766 f   msvcrt:MSVCRT.dll
 0001:0000676c       _BusReset@12               0100776c f   1394api:1394API.DLL
 0001:00006772       _GetGenerationCount@12     01007772 f   1394api:1394API.DLL
 0001:00006778       _GetLocalHostInformation@16 01007778 f   1394api:1394API.DLL
 0001:0000677e       _Get1394AddressFromDeviceObject@12 0100777e f   1394api:1394API.DLL
 0001:00006784       _Control@8                 01007784 f   1394api:1394API.DLL
 0001:0000678a       _GetMaxSpeedBetweenDevices@12 0100778a f   1394api:1394API.DLL
 0001:00006790       _GetConfigurationInformation@8 01007790 f   1394api:1394API.DLL
 0001:00006796       _SetDeviceXmitProperties@12 01007796 f   1394api:1394API.DLL
 0001:0000679c       _SendPhyConfigurationPacket@12 0100779c f   1394api:1394API.DLL
 0001:000067a2       _BusResetNotification@12   010077a2 f   1394api:1394API.DLL
 0001:000067a8       _SetLocalHostInformation@12 010077a8 f   1394api:1394API.DLL
 0001:000067ae       _AllocateAddressRange@16   010077ae f   1394api:1394API.DLL
 0001:000067b4       _FreeAddressRange@12       010077b4 f   1394api:1394API.DLL
 0001:000067ba       _AsyncRead@16              010077ba f   1394api:1394API.DLL
 0001:000067c0       _AsyncWrite@16             010077c0 f   1394api:1394API.DLL
 0001:000067c6       _AsyncLock@12              010077c6 f   1394api:1394API.DLL
 0001:000067cc       _AsyncStream@16            010077cc f   1394api:1394API.DLL
 0001:000067d2       _AsyncStartLoopback@12     010077d2 f   1394api:1394API.DLL
 0001:000067d8       _AsyncStopLoopback@4       010077d8 f   1394api:1394API.DLL
 0001:000067de       _AsyncStreamStartLoopback@12 010077de f   1394api:1394API.DLL
 0001:000067e4       _AsyncStreamStopLoopback@4 010077e4 f   1394api:1394API.DLL
 0001:000067ea       _IsochAllocateBandwidth@12 010077ea f   1394api:1394API.DLL
 0001:000067f0       _IsochAllocateChannel@12   010077f0 f   1394api:1394API.DLL
 0001:000067f6       _IsochAllocateResources@12 010077f6 f   1394api:1394API.DLL
 0001:000067fc       _IsochAttachBuffers@20     010077fc f   1394api:1394API.DLL
 0001:00006802       _IsochDetachBuffers@12     01007802 f   1394api:1394API.DLL
 0001:00006808       _IsochFreeBandwidth@12     01007808 f   1394api:1394API.DLL
 0001:0000680e       _IsochFreeChannel@12       0100780e f   1394api:1394API.DLL
 0001:00006814       _IsochFreeResources@12     01007814 f   1394api:1394API.DLL
 0001:0000681a       _IsochListen@12            0100781a f   1394api:1394API.DLL
 0001:00006820       _IsochQueryCurrentCycleTime@12 01007820 f   1394api:1394API.DLL
 0001:00006826       _IsochQueryResources@12    01007826 f   1394api:1394API.DLL
 0001:0000682c       _IsochSetChannelBandwidth@12 0100782c f   1394api:1394API.DLL
 0001:00006832       _IsochStop@12              01007832 f   1394api:1394API.DLL
 0001:00006838       _IsochTalk@12              01007838 f   1394api:1394API.DLL
 0001:0000683e       _IsochStartLoopback@12     0100783e f   1394api:1394API.DLL
 0001:00006844       _IsochStopLoopback@4       01007844 f   1394api:1394API.DLL
 0001:0000684a       _RegisterClient@4          0100784a f   1394api:1394API.DLL
 0001:00006850       _DeRegisterClient@4        01007850 f   1394api:1394API.DLL
 0001:00006856       _DiagnosticMode@16         01007856 f   1394api:1394API.DLL
 0001:0000685c       _GetDeviceList@4           0100785c f   1394api:1394API.DLL
 0001:00006864       __IMPORT_DESCRIPTOR_MSVCRT 01007864     msvcrt:MSVCRT.dll
 0001:00006878       __IMPORT_DESCRIPTOR_KERNEL32 01007878     kernel32:KERNEL32.dll
 0001:0000688c       __IMPORT_DESCRIPTOR_USER32 0100788c     user32:USER32.dll
 0001:000068a0       __IMPORT_DESCRIPTOR_1394API 010078a0     1394api:1394API.DLL
 0001:000068b4       __NULL_IMPORT_DESCRIPTOR   010078b4     msvcrt:MSVCRT.dll
 0002:00000000       ___xc_a                    01009000     msvcrt:cinitexe.obj
 0002:00000004       ___xc_z                    01009004     msvcrt:cinitexe.obj
 0002:00000008       ___xi_a                    01009008     msvcrt:cinitexe.obj
 0002:0000000c       ___xi_z                    0100900c     msvcrt:cinitexe.obj
 0002:00000010       _szBusName                 01009010     win1394.obj
 0002:00000014       ___defaultmatherr          01009014     msvcrt:merr.obj
 0002:00004078       _TraceLevel                0100d078     debug.obj
 0002:000074d8       __dowildcard               010104d8     msvcrt:wildcard.obj
 0002:000074dc       __newmode                  010104dc     msvcrt:_newmode.obj
 0002:000074e0       __commode                  010104e0     msvcrt:xncommod.obj
 0002:000074e4       __fmode                    010104e4     msvcrt:xtxtmode.obj
 0002:000074f0       _IsochStartTime            010104f0     <common>
 0002:00007500       _g_hInstance               01010500     <common>
 0002:00007520       _isochLoopbackParams       01010520     <common>
 0002:00007580       _streamLoopbackParams      01010580     <common>
 0002:000075c4       _g_hWndEdit                010105c4     <common>
 0002:000075e0       _DeviceData                010105e0     <common>
 0002:00007fe0       _StreamStartTime           01010fe0     <common>
 0002:00007ff0       _SelectedDevice            01010ff0     <common>
 0002:00008000       _asyncLoopbackParams       01011000     <common>
 0002:00008040       _AsyncStartTime            01011040     <common>
 0002:00008050       ___onexitend               01011050     <common>
 0002:00008054       ___onexitbegin             01011054     <common>
 0002:00008058       __adjust_fdiv              01011058     <common>

 entry point at        0001:00006560

 Static symbols

