 monsamp

 Timestamp is 656655fc (Tue Nov 28 16:05:00 2023)

 Preferred load address is 1c300000

 Start         Length     Name                   Class
 0001:00000000 000000d4H .idata$5                CODE
 0001:000000d8 000000d8H .rdata                  CODE
 0001:000001b0 00002460H .text                   CODE
 0001:00002610 0000008cH .idata$2                CODE
 0001:0000269c 00000014H .idata$3                CODE
 0001:000026b0 000000d4H .idata$4                CODE
 0001:00002784 000003e6H .idata$6                CODE
 0001:00002b70 0000006aH .edata                  CODE
 0002:00000000 000004acH .bss                    DATA
 0003:00000000 000000e8H .rsrc$01                DATA
 0003:000000f0 00000d08H .rsrc$02                DATA

  Address         Publics by Value              Rva+Base     Lib:Object

 0001:00000000       __imp__DestroyPropertySheetPage@4 1c301000     comctl32:COMCTL32.dll
 0001:00000004       __imp__CreatePropertySheetPageA@4 1c301004     comctl32:COMCTL32.dll
 0001:00000008       \177COMCTL32_NULL_THUNK_DATA 1c301008     comctl32:COMCTL32.dll
 0001:0000000c       __imp__SelectObject@8      1c30100c     gdi32:GDI32.dll
 0001:00000010       __imp__PatBlt@24           1c301010     gdi32:GDI32.dll
 0001:00000014       \177GDI32_NULL_THUNK_DATA  1c301014     gdi32:GDI32.dll
 0001:00000018       __imp__HidP_SetUsageValue@32 1c301018     hid:HID.DLL
 0001:0000001c       __imp__HidP_GetSpecificButtonCaps@28 1c30101c     hid:HID.DLL
 0001:00000020       __imp__HidP_GetLinkCollectionNodes@12 1c301020     hid:HID.DLL
 0001:00000024       __imp__HidP_SetUsages@32   1c301024     hid:HID.DLL
 0001:00000028       __imp__HidD_SetFeature@12  1c301028     hid:HID.DLL
 0001:0000002c       __imp__HidP_GetUsageValue@32 1c30102c     hid:HID.DLL
 0001:00000030       __imp__HidP_GetSpecificValueCaps@28 1c301030     hid:HID.DLL
 0001:00000034       __imp__HidD_GetHidGuid@4   1c301034     hid:HID.DLL
 0001:00000038       __imp__HidP_MaxUsageListLength@12 1c301038     hid:HID.DLL
 0001:0000003c       __imp__HidD_FreePreparsedData@4 1c30103c     hid:HID.DLL
 0001:00000040       __imp__HidP_GetCaps@8      1c301040     hid:HID.DLL
 0001:00000044       __imp__HidD_GetAttributes@8 1c301044     hid:HID.DLL
 0001:00000048       __imp__HidD_GetPreparsedData@8 1c301048     hid:HID.DLL
 0001:0000004c       __imp__HidD_GetFeature@12  1c30104c     hid:HID.DLL
 0001:00000050       \177HID_NULL_THUNK_DATA    1c301050     hid:HID.DLL
 0001:00000054       __imp__LocalAlloc@8        1c301054     kernel32:KERNEL32.dll
 0001:00000058       __imp__InterlockedDecrement@4 1c301058     kernel32:KERNEL32.dll
 0001:0000005c       __imp__InterlockedIncrement@4 1c30105c     kernel32:KERNEL32.dll
 0001:00000060       __imp__GetLastError@0      1c301060     kernel32:KERNEL32.dll
 0001:00000064       __imp__CreateFileA@28      1c301064     kernel32:KERNEL32.dll
 0001:00000068       __imp__LocalFree@4         1c301068     kernel32:KERNEL32.dll
 0001:0000006c       \177KERNEL32_NULL_THUNK_DATA 1c30106c     kernel32:KERNEL32.dll
 0001:00000070       __imp__free                1c301070     msvcrt:MSVCRT.dll
 0001:00000074       __imp__realloc             1c301074     msvcrt:MSVCRT.dll
 0001:00000078       __imp__calloc              1c301078     msvcrt:MSVCRT.dll
 0001:0000007c       __imp__sprintf             1c30107c     msvcrt:MSVCRT.dll
 0001:00000080       \177MSVCRT_NULL_THUNK_DATA 1c301080     msvcrt:MSVCRT.dll
 0001:00000084       __imp__CM_Get_DevNode_Registry_PropertyA@24 1c301084     setupapi:SETUPAPI.dll
 0001:00000088       __imp__CM_Get_Parent@12    1c301088     setupapi:SETUPAPI.dll
 0001:0000008c       __imp__SetupDiGetDeviceInterfaceDetailA@24 1c30108c     setupapi:SETUPAPI.dll
 0001:00000090       __imp__SetupDiGetClassDevsA@16 1c301090     setupapi:SETUPAPI.dll
 0001:00000094       __imp__SetupDiEnumDeviceInterfaces@20 1c301094     setupapi:SETUPAPI.dll
 0001:00000098       __imp__SetupDiEnumDeviceInfo@12 1c301098     setupapi:SETUPAPI.dll
 0001:0000009c       __imp__SetupDiDestroyDeviceInfoList@4 1c30109c     setupapi:SETUPAPI.dll
 0001:000000a0       \177SETUPAPI_NULL_THUNK_DATA 1c3010a0     setupapi:SETUPAPI.dll
 0001:000000a4       __imp__FillRect@12         1c3010a4     user32:USER32.dll
 0001:000000a8       __imp__ShowWindow@8        1c3010a8     user32:USER32.dll
 0001:000000ac       __imp__GetDlgItem@8        1c3010ac     user32:USER32.dll
 0001:000000b0       __imp__DrawEdge@16         1c3010b0     user32:USER32.dll
 0001:000000b4       __imp__OffsetRect@12       1c3010b4     user32:USER32.dll
 0001:000000b8       __imp__GetSysColorBrush@4  1c3010b8     user32:USER32.dll
 0001:000000bc       __imp__GetWindowLongA@8    1c3010bc     user32:USER32.dll
 0001:000000c0       __imp__SendDlgItemMessageA@20 1c3010c0     user32:USER32.dll
 0001:000000c4       __imp__CheckRadioButton@16 1c3010c4     user32:USER32.dll
 0001:000000c8       __imp__GetParent@4         1c3010c8     user32:USER32.dll
 0001:000000cc       __imp__SendMessageA@16     1c3010cc     user32:USER32.dll
 0001:000000d0       \177USER32_NULL_THUNK_DATA 1c3010d0     user32:USER32.dll
 0001:00000138       _CLSID_Monitor             1c301138     map.obj
 0001:00000148       ??_C@_08IMGB@Advanced?$AA@ 1c301148     monitor.obj
 0001:00000154       ??_C@_05HIMK@Color?$AA@    1c301154     monitor.obj
 0001:0000015c       ??_C@_07NDNK@General?$AA@  1c30115c     monitor.obj
 0001:00000164       ??_C@_00A@?$AA@            1c301164     monitor.obj
 0001:00000168       ??_C@_03HGID@foo?$AA@      1c301168     pnp.obj
 0001:00000170       _IID_IShellPropSheetExt    1c301170     shell32:shguid.lib
 0001:00000180       _IID_IShellExtInit         1c301180     shell32:shguid.lib
 0001:00000190       _IID_IClassFactory         1c301190     uuid:unknwn_i.obj
 0001:000001a0       _IID_IUnknown              1c3011a0     uuid:unknwn_i.obj
 0001:000001b0       _AllocCbPpv@8              1c3011b0 f   mem.obj
 0001:000001d5       _DllGetClassObject@12      1c3011d5 f   map.obj
 0001:00000209       _DllCanUnloadNow@0         1c301209 f   map.obj
 0001:00000215       _Entry32@12                1c301215 f   map.obj
 0001:00000230       _c_CMapFactoryVI           1c301230     mapcf.obj
 0001:0000024c       _CMapFactory_CreateInstance@16 1c30124c f   mapcf.obj
 0001:0000026b       _CMapFactory_LockServer@8  1c30126b f   mapcf.obj
 0001:0000028d       _CMapFactory_New@8         1c30128d f   mapcf.obj
 0001:000002c0       _c_CMapPsxVI               1c3012c0     mappsx.obj
 0001:000002e0       _c_IShellExtInit_CMapPsxVI 1c3012e0     mappsx.obj
 0001:000002f4       _CMapPsx_QueryInterface@12 1c3012f4 f   mappsx.obj
 0001:00000333       _CMapPsx_AddPages@12       1c301333 f   mappsx.obj
 0001:000003a0       _CMapPsx_SXI_Initialize@16 1c3013a0 f   mappsx.obj
 0001:000003a0       _CMapPsx_ReplacePages@16   1c3013a0 f   mappsx.obj
 0001:000003a9       _CMapPsx_New@8             1c3013a9 f   mappsx.obj
 0001:000003ec       _MonDlgProc@16             1c3013ec f   monitor.obj
 0001:00000908       _ChangeFeature@12          1c301908 f   monitor.obj
 0001:00000992       _vLoadDevices@0            1c301992 f   monitor.obj
 0001:000009a6       _DrawButton@8              1c3019a6 f   monitor.obj
 0001:00000a0d       _DrawUpArrow@4             1c301a0d f   monitor.obj
 0001:00000b66       _DrawDownArrow@4           1c301b66 f   monitor.obj
 0001:00000cbf       _DrawRightArrow@4          1c301cbf f   monitor.obj
 0001:00000e37       _DrawLeftArrow@4           1c301e37 f   monitor.obj
 0001:00000fc6       _InitGeneralControls@4     1c301fc6 f   monitor.obj
 0001:000011ef       _InitColorControls@4       1c3021ef f   monitor.obj
 0001:0000139f       _InitAdvancedControls@4    1c30239f f   monitor.obj
 0001:000015c9       _InitControlStuct@0        1c3025c9 f   monitor.obj
 0001:0000179f       _InitSlider@12             1c30279f f   monitor.obj
 0001:000017f5       _InitMonitor@4             1c3027f5 f   monitor.obj
 0001:00001c04       _InitWindows@4             1c302c04 f   monitor.obj
 0001:00001dda       _ResetControls@0           1c302dda f   monitor.obj
 0001:00001e04       _ApplyControls@0           1c302e04 f   monitor.obj
 0001:00001e1d       _FindKnownHidDevices@8     1c302e1d f   pnp.obj
 0001:00001fd4       _OpenHidDevice@12          1c302fd4 f   pnp.obj
 0001:000024a5       _Common_QueryInterface@12  1c3034a5 f   common.obj
 0001:000024ee       __Common_AddRef@4          1c3034ee f   common.obj
 0001:00002509       _CMapPsx_Finalize@4        1c303509 f   common.obj
 0001:00002509       _Common_Finalize@4         1c303509 f   common.obj
 0001:00002510       __Common_Release@4         1c303510 f   common.obj
 0001:00002545       _Forward_QueryInterface@12 1c303545 f   common.obj
 0001:00002560       _Forward_AddRef@4          1c303560 f   common.obj
 0001:00002575       _Forward_Release@4         1c303575 f   common.obj
 0001:0000258a       __Common_New@12            1c30358a f   common.obj
 0001:000025bc       _HidD_SetFeature@12        1c3035bc f   hid:HID.DLL
 0001:000025c2       _HidP_SetUsages@32         1c3035c2 f   hid:HID.DLL
 0001:000025c8       _HidP_SetUsageValue@32     1c3035c8 f   hid:HID.DLL
 0001:000025ce       _HidP_GetSpecificButtonCaps@28 1c3035ce f   hid:HID.DLL
 0001:000025d4       _HidP_GetLinkCollectionNodes@12 1c3035d4 f   hid:HID.DLL
 0001:000025da       _HidP_GetUsageValue@32     1c3035da f   hid:HID.DLL
 0001:000025e0       _HidD_GetFeature@12        1c3035e0 f   hid:HID.DLL
 0001:000025e6       _HidP_GetSpecificValueCaps@28 1c3035e6 f   hid:HID.DLL
 0001:000025ec       _HidD_GetHidGuid@4         1c3035ec f   hid:HID.DLL
 0001:000025f2       _HidP_MaxUsageListLength@12 1c3035f2 f   hid:HID.DLL
 0001:000025f8       _HidD_FreePreparsedData@4  1c3035f8 f   hid:HID.DLL
 0001:000025fe       _HidP_GetCaps@8            1c3035fe f   hid:HID.DLL
 0001:00002604       _HidD_GetAttributes@8      1c303604 f   hid:HID.DLL
 0001:0000260a       _HidD_GetPreparsedData@8   1c30360a f   hid:HID.DLL
 0001:00002610       __IMPORT_DESCRIPTOR_MSVCRT 1c303610     msvcrt:MSVCRT.dll
 0001:00002624       __IMPORT_DESCRIPTOR_HID    1c303624     hid:HID.DLL
 0001:00002638       __IMPORT_DESCRIPTOR_SETUPAPI 1c303638     setupapi:SETUPAPI.dll
 0001:0000264c       __IMPORT_DESCRIPTOR_USER32 1c30364c     user32:USER32.dll
 0001:00002660       __IMPORT_DESCRIPTOR_KERNEL32 1c303660     kernel32:KERNEL32.dll
 0001:00002674       __IMPORT_DESCRIPTOR_COMCTL32 1c303674     comctl32:COMCTL32.dll
 0001:00002688       __IMPORT_DESCRIPTOR_GDI32  1c303688     gdi32:GDI32.dll
 0001:0000269c       __NULL_IMPORT_DESCRIPTOR   1c30369c     msvcrt:MSVCRT.dll
 0002:00000000       _DeviceLoaded              1c304000     monitor.obj
 0002:00000004       _g_hwndDlg                 1c304004     <common>
 0002:00000008       _HidDevice                 1c304008     <common>
 0002:00000020       _Control                   1c304020     <common>
 0002:000004a0       _RadioControl              1c3044a0     <common>
 0002:000004a4       _g_hinst                   1c3044a4     <common>
 0002:000004a8       _g_cRef                    1c3044a8     <common>

 entry point at        0001:00000215

 Static symbols


 16 bytes saved through ICF

