 parport

 Timestamp is 6566559a (Tue Nov 28 16:03:22 2023)

 Preferred load address is 00010000

 Start         Length     Name                   Class
 0001:00000000 0000ba94H .text                   CODE
 0002:00000000 00000118H .idata$5                DATA
 0002:00000118 000004c0H .rdata                  DATA
 0003:00000000 0000015cH .data                   DATA
 0003:00000160 0000007cH .bss                    DATA
 0004:00000000 0000039dH PAGEPARWMI0             CODE
 0005:00000000 0000003cH .idata$2                CODE
 0005:0000003c 00000014H .idata$3                CODE
 0005:00000050 00000118H .idata$4                CODE
 0005:00000168 000005ecH .idata$6                CODE
 0006:00000000 000000a0H .rsrc$01                DATA
 0006:000000a0 00000658H .rsrc$02                DATA

  Address         Publics by Value              Rva+Base     Lib:Object

 0001:00000026       _PptDispatchCleanup@8      00010306 f   cleanup.obj
 0001:0000015c       _PptDebugDumpPnpIrpInfo@8  0001043c f   debug.obj
 0001:000001ea       _PptAcquireRemoveLock@8    000104ca f   debug.obj
 0001:00000206       _PptReleaseRemoveLock@8    000104e6 f   debug.obj
 0001:0000021c       _PptReleaseRemoveLockAndWait@8 000104fc f   debug.obj
 0001:00000331       _PptDebugDumpResourceList@4 00010611 f   debug.obj
 0001:000004a2       _PptDebugDumpResourceRequirementsList@4 00010782 f   debug.obj
 0001:0000053d       _PptLogError@48            0001081d f   errlog.obj
 0001:00000686       _DriverEntry@8             00010966 f   initunld.obj
 0001:000007b3       _PptUnload@4               00010a93 f   initunld.obj
 0001:000008be       _PptCleanRemovalRelationsList@4 00010b9e f   ioctl.obj
 0001:00000a18       _PptAddPptRemovalRelation@8 00010cf8 f   ioctl.obj
 0001:00000d12       _PptRemovePptRemovalRelation@8 00010ff2 f   ioctl.obj
 0001:00000ffe       _PptDumpRemovalRelationsList@4 000112de f   ioctl.obj
 0001:000011fd       _PptDumpPptRemovalRelationsStruct@4 000114dd f   ioctl.obj
 0001:00001c57       _PptDispatchInternalDeviceControl@8 00011f37 f   ioctl.obj
 0001:00002760       _PptIsNecR98Machine@0      00012a40 f   nec_r98.obj
 0001:0000297e       _PptDispatchCreate@8       00012c5e f   openclos.obj
 0001:00002b64       _PptDispatchClose@8        00012e44 f   openclos.obj
 0001:00002c9a       _PptInitiate1284_3@4       00012f7a f   par12843.obj
 0001:00002f1b       _PptTrySelectDevice@8      000131fb f   par12843.obj
 0001:000032f8       _PptDeselectDevice@8       000135d8 f   par12843.obj
 0001:0000347c       _Ppt1284_3AssignAddress@4  0001375c f   par12843.obj
 0001:00003604       _PptCheckIfNon1284_3Present@4 000138e4 f   par12843.obj
 0001:000036e8       _PptCheckIfStl1284_3@12    000139c8 f   par12843.obj
 0001:00003856       _PptCheckIfStlProductId@8  00013b36 f   par12843.obj
 0001:00003bd9       _PptSend1284_3Command@8    00013eb9 f   par12843.obj
 0001:00004149       _PptDetectChipFilter@4     00014429 f   parmode.obj
 0001:00004668       _PptDetectPortType@4       00014948 f   parmode.obj
 0001:00004a88       _PptDetectPortCapabilities@4 00014d68 f   parmode.obj
 0001:00004e4e       _PptDetectEcpPort@4        0001512e f   parmode.obj
 0001:00005256       _PptDetectEppPortIfDot3DevicePresent@4 00015536 f   parmode.obj
 0001:0000539e       _PptDetectEppPortIfUserRequested@4 0001567e f   parmode.obj
 0001:000054c4       _PptDetectEppPort@4        000157a4 f   parmode.obj
 0001:00005684       _PptDetectBytePort@4       00015964 f   parmode.obj
 0001:00005846       _PptDetermineFifoDepth@4   00015b26 f   parmode.obj
 0001:000059e3       _PptDetermineFifoWidth@4   00015cc3 f   parmode.obj
 0001:00005c60       _PptSetChipMode@8          00015f40 f   parmode.obj
 0001:00005fa0       _PptClearChipMode@8        00016280 f   parmode.obj
 0001:00006157       _PptEcrSetMode@8           00016437 f   parmode.obj
 0001:000061ec       _PptSetByteMode@8          000164cc f   parmode.obj
 0001:0000620e       _PptClearByteMode@4        000164ee f   parmode.obj
 0001:00006226       _PptCheckByteMode@4        00016506 f   parmode.obj
 0001:00006284       _PptEcrClearMode@4         00016564 f   parmode.obj
 0001:000064cc       _PptFindNatChip@4          000167ac f   parmode.obj
 0001:00006856       _PptBuildResourceList@16   00016b36 f   parmode.obj
 0001:00006afe       _PptPnpBuildRemovalRelations@4 00016dde f   pnp.obj
 0001:00006e42       _PptPnpStartScanPciCardCmResourceList@20 00017122 f   pnp.obj
 0001:000071f2       _PptIsPci@8                000174d2 f   pnp.obj
 0001:00007382       _PptCompleteRequest@8      00017662 f   pnp.obj
 0001:00007396       _PptPnpInitDispatchFunctionTable@0 00017676 f   pnp.obj
 0001:000075a0       _PptPnpAddDevice@8         00017880 f   pnp.obj
 0001:000076f2       _PptDispatchPnp@8          000179d2 f   pnp.obj
 0001:00007734       _PptPnpStartDevice@8       00017a14 f   pnp.obj
 0001:00007abd       _PptPnpStartScanCmResourceList@20 00017d9d f   pnp.obj
 0001:00007e44       _PptPnpStartValidateResources@16 00018124 f   pnp.obj
 0001:0000813c       _PptPnpFilterResourceRequirements@8 0001841c f   pnp.obj
 0001:00008525       _PptPnpFilterExistsNonIrqResourceList@4 00018805 f   pnp.obj
 0001:000087db       _PptPnpFilterRemoveIrqResourceLists@4 00018abb f   pnp.obj
 0001:0000892e       _PptPnpFilterGetEndOfResourceRequirementsList@4 00018c0e f   pnp.obj
 0001:000089e5       _PptPnpFilterNukeIrqResourceDescriptorsFromAllLists@4 00018cc5 f   pnp.obj
 0001:00008ab1       _PptPnpFilterNukeIrqResourceDescriptors@4 00018d91 f   pnp.obj
 0001:00008da2       _PptPnpQueryDeviceRelations@8 00019082 f   pnp.obj
 0001:00008f1e       _PptPnpQueryStopDevice@8   000191fe f   pnp.obj
 0001:00008faa       _PptPnpCancelStopDevice@8  0001928a f   pnp.obj
 0001:00009066       _PptPnpStopDevice@8        00019346 f   pnp.obj
 0001:00009120       _PptPnpQueryRemoveDevice@8 00019400 f   pnp.obj
 0001:0000917c       _PptPnpCancelRemoveDevice@8 0001945c f   pnp.obj
 0001:000091c2       _PptPnpRemoveDevice@8      000194a2 f   pnp.obj
 0001:00009278       _PptPnpSurpriseRemoval@8   00019558 f   pnp.obj
 0001:00009304       _PptPnpListContainsIrqResourceDescriptor@4 000195e4 f   pnp.obj
 0001:0000939b       _PptPnpBounceAndCatchPnpIrp@8 0001967b f   pnp.obj
 0001:00009454       _PptPnpPassThroughPnpIrpAndReleaseRemoveLock@8 00019734 f   pnp.obj
 0001:0000948a       _PptPnpUnhandledIrp@8      0001976a f   pnp.obj
 0001:000095ce       _PptPowerComplete@12       000198ae f   power.obj
 0001:000096dc       _InitNEC_98@4              000199bc f   power.obj
 0001:00009788       _PptDispatchPower@8        00019a68 f   power.obj
 0001:00009940       _PptLegacyZipClockDiskModeByte@8 00019c20 f   ppa3x.obj
 0001:00009972       _PptLegacyZipClockPrtModeByte@8 00019c52 f   ppa3x.obj
 0001:000099a8       _PptLegacyZipSetDiskMode@8 00019c88 f   ppa3x.obj
 0001:000099d4       _PptLegacyZipCheckDevice@4 00019cb4 f   ppa3x.obj
 0001:00009afc       _PptTrySelectLegacyZip@8   00019ddc f   ppa3x.obj
 0001:00009c9c       _PptDeselectLegacyZip@8    00019f7c f   ppa3x.obj
 0001:00009d66       _PptRegInitDriverSettings@4 0001a046 f   registry.obj
 0001:00009eae       _PptRegGetDeviceParameterDword@12 0001a18e f   registry.obj
 0001:0000a03d       _PptRegSetDeviceParameterDword@12 0001a31d f   registry.obj
 0001:0000a110       _PptFailRequest@8          0001a3f0 f   util.obj
 0001:0000a139       _PptAcquireRemoveLockOrFailIrp@8 0001a419 f   util.obj
 0001:0000a172       _PptSynchCompletionRoutine@12 0001a452 f   util.obj
 0001:0000a377       _PptGetPortNameFromPhysicalDeviceObject@4 0001a657 f   util.obj
 0001:0000a5b5       _PptConnectInterrupt@4     0001a895 f   util.obj
 0001:0000a65e       _PptDisconnectInterrupt@4  0001a93e f   util.obj
 0001:0000a674       _PptSynchronizedIncrement@4 0001a954 f   util.obj
 0001:0000a68c       _PptSynchronizedDecrement@4 0001a96c f   util.obj
 0001:0000a6a4       _PptSynchronizedRead@4     0001a984 f   util.obj
 0001:0000a6b8       _PptSynchronizedQueue@4    0001a998 f   util.obj
 0001:0000a6e2       _PptSynchronizedDisconnect@4 0001a9c2 f   util.obj
 0001:0000a73d       _PptCancelRoutine@8        0001aa1d f   util.obj
 0001:0000a7d4       _PptFreePortDpc@16         0001aab4 f   util.obj
 0001:0000a7e4       _PptTryAllocatePortAtInterruptLevel@4 0001aac4 f   util.obj
 0001:0000a804       _PptFreePortFromInterruptLevel@4 0001aae4 f   util.obj
 0001:0000a82a       _PptInterruptService@8     0001ab0a f   util.obj
 0001:0000a89e       _PptTryAllocatePort@4      0001ab7e f   util.obj
 0001:0000a910       _PptTraversePortCheckList@4 0001abf0 f   util.obj
 0001:0000a96c       _PptFreePort@4             0001ac4c f   util.obj
 0001:0000aaea       _PptQueryNumWaiters@4      0001adca f   util.obj
 0001:0000ab42       _PptSetCancelRoutine@8     0001ae22 f   util.obj
 0001:0000ac41       _CheckPort@16              0001af21 f   util.obj
 0001:0000aeca       _PptBuildParallelPortDeviceName@8 0001b1aa f   util.obj
 0001:0000aff0       _PptInitializeDeviceExtension@24 0001b2d0 f   util.obj
 0001:0000b2e5       _PptGetPortNumberFromLptName@8 0001b5c5 f   util.obj
 0001:0000b78f       _PptBuildDeviceObject@8    0001ba6f f   util.obj
 0001:0000ba76       _DbgPrint                  0001bd56 f   ntoskrnl:ntoskrnl.exe
 0001:0000ba7c       _DbgBreakPoint@0           0001bd5c f   ntoskrnl:ntoskrnl.exe
 0001:0000ba82       __allmul                   0001bd62 f   ntoskrnl:ntoskrnl.exe
 0001:0000ba88       _WmiSystemControl@16       0001bd68 f   wmilib:WMILIB.SYS
 0001:0000ba8e       _WmiCompleteRequest@20     0001bd6e f   wmilib:WMILIB.SYS
 0002:00000000       __imp__READ_PORT_UCHAR@4   0001bd80     hal:HAL.dll
 0002:00000004       __imp__WRITE_PORT_UCHAR@8  0001bd84     hal:HAL.dll
 0002:00000008       __imp__KeStallExecutionProcessor@4 0001bd88     hal:HAL.dll
 0002:0000000c       __imp__KeGetCurrentIrql@0  0001bd8c     hal:HAL.dll
 0002:00000010       __imp_@ExAcquireFastMutex@4 0001bd90     hal:HAL.dll
 0002:00000014       __imp_@ExReleaseFastMutex@4 0001bd94     hal:HAL.dll
 0002:00000018       \177HAL_NULL_THUNK_DATA    0001bd98     hal:HAL.dll
 0002:0000001c       __imp__WmiCompleteRequest@20 0001bd9c     wmilib:WMILIB.SYS
 0002:00000020       __imp__WmiSystemControl@16 0001bda0     wmilib:WMILIB.SYS
 0002:00000024       \177WMILIB_NULL_THUNK_DATA 0001bda4     wmilib:WMILIB.SYS
 0002:00000028       __imp__RtlFreeUnicodeString@4 0001bda8     ntoskrnl:ntoskrnl.exe
 0002:0000002c       __imp__IoGetConfigurationInformation@0 0001bdac     ntoskrnl:ntoskrnl.exe
 0002:00000030       __imp__IoDeleteDevice@4    0001bdb0     ntoskrnl:ntoskrnl.exe
 0002:00000034       __imp__DbgBreakPoint@0     0001bdb4     ntoskrnl:ntoskrnl.exe
 0002:00000038       __imp__ExAllocatePoolWithTag@12 0001bdb8     ntoskrnl:ntoskrnl.exe
 0002:0000003c       __imp__ExFreePool@4        0001bdbc     ntoskrnl:ntoskrnl.exe
 0002:00000040       __imp__RtlAssert@16        0001bdc0     ntoskrnl:ntoskrnl.exe
 0002:00000044       __imp__KeSynchronizeExecution@12 0001bdc4     ntoskrnl:ntoskrnl.exe
 0002:00000048       __imp__RtlCompareUnicodeString@12 0001bdc8     ntoskrnl:ntoskrnl.exe
 0002:0000004c       __imp__RtlQueryRegistryValues@20 0001bdcc     ntoskrnl:ntoskrnl.exe
 0002:00000050       __imp__RtlInitUnicodeString@8 0001bdd0     ntoskrnl:ntoskrnl.exe
 0002:00000054       __imp__RtlCopyUnicodeString@8 0001bdd4     ntoskrnl:ntoskrnl.exe
 0002:00000058       __imp_@InterlockedIncrement@4 0001bdd8     ntoskrnl:ntoskrnl.exe
 0002:0000005c       __imp__KeWaitForSingleObject@20 0001bddc     ntoskrnl:ntoskrnl.exe
 0002:00000060       __imp_@IofCallDriver@8     0001bde0     ntoskrnl:ntoskrnl.exe
 0002:00000064       __imp__IoBuildDeviceIoControlRequest@36 0001bde4     ntoskrnl:ntoskrnl.exe
 0002:00000068       __imp__KeInitializeEvent@12 0001bde8     ntoskrnl:ntoskrnl.exe
 0002:0000006c       __imp__RtlDeleteRegistryValue@12 0001bdec     ntoskrnl:ntoskrnl.exe
 0002:00000070       __imp__RtlWriteRegistryValue@24 0001bdf0     ntoskrnl:ntoskrnl.exe
 0002:00000074       __imp__IoReportResourceUsage@36 0001bdf4     ntoskrnl:ntoskrnl.exe
 0002:00000078       __imp_@ObfReferenceObject@4 0001bdf8     ntoskrnl:ntoskrnl.exe
 0002:0000007c       __imp_@IofCompleteRequest@8 0001bdfc     ntoskrnl:ntoskrnl.exe
 0002:00000080       __imp__IoAttachDeviceToDeviceStack@8 0001be00     ntoskrnl:ntoskrnl.exe
 0002:00000084       __imp__IoRegisterDeviceInterface@16 0001be04     ntoskrnl:ntoskrnl.exe
 0002:00000088       __imp_@InterlockedDecrement@4 0001be08     ntoskrnl:ntoskrnl.exe
 0002:0000008c       __imp__IoReleaseCancelSpinLock@4 0001be0c     ntoskrnl:ntoskrnl.exe
 0002:00000090       __imp__IoWMIRegistrationControl@8 0001be10     ntoskrnl:ntoskrnl.exe
 0002:00000094       __imp__PoStartNextPowerIrp@4 0001be14     ntoskrnl:ntoskrnl.exe
 0002:00000098       __imp__memmove             0001be18     ntoskrnl:ntoskrnl.exe
 0002:0000009c       __imp__PoSetPowerState@12  0001be1c     ntoskrnl:ntoskrnl.exe
 0002:000000a0       __imp__PoCallDriver@8      0001be20     ntoskrnl:ntoskrnl.exe
 0002:000000a4       __imp__ZwClose@4           0001be24     ntoskrnl:ntoskrnl.exe
 0002:000000a8       __imp__IoOpenDeviceRegistryKey@16 0001be28     ntoskrnl:ntoskrnl.exe
 0002:000000ac       __imp__ZwSetValueKey@24    0001be2c     ntoskrnl:ntoskrnl.exe
 0002:000000b0       __imp__KeSetEvent@12       0001be30     ntoskrnl:ntoskrnl.exe
 0002:000000b4       __imp__ZwQueryValueKey@24  0001be34     ntoskrnl:ntoskrnl.exe
 0002:000000b8       __imp__IoConnectInterrupt@44 0001be38     ntoskrnl:ntoskrnl.exe
 0002:000000bc       __imp__IoDisconnectInterrupt@4 0001be3c     ntoskrnl:ntoskrnl.exe
 0002:000000c0       __imp__KeInsertQueueDpc@12 0001be40     ntoskrnl:ntoskrnl.exe
 0002:000000c4       __imp_@InterlockedExchange@8 0001be44     ntoskrnl:ntoskrnl.exe
 0002:000000c8       _KeTickCount               0001be48     ntoskrnl:ntoskrnl.exe
 0002:000000c8       __imp__KeTickCount         0001be48     ntoskrnl:ntoskrnl.exe
 0002:000000cc       __imp__KeQueryTimeIncrement@0 0001be4c     ntoskrnl:ntoskrnl.exe
 0002:000000d0       __imp___allmul             0001be50     ntoskrnl:ntoskrnl.exe
 0002:000000d4       __imp__RtlAppendUnicodeStringToString@8 0001be54     ntoskrnl:ntoskrnl.exe
 0002:000000d8       __imp__RtlIntegerToUnicodeString@12 0001be58     ntoskrnl:ntoskrnl.exe
 0002:000000dc       __imp__KeInitializeDpc@12  0001be5c     ntoskrnl:ntoskrnl.exe
 0002:000000e0       __imp__IoInitializeRemoveLockEx@20 0001be60     ntoskrnl:ntoskrnl.exe
 0002:000000e4       __imp__RtlUnicodeStringToInteger@12 0001be64     ntoskrnl:ntoskrnl.exe
 0002:000000e8       __imp__IoCreateDevice@28   0001be68     ntoskrnl:ntoskrnl.exe
 0002:000000ec       __imp__IoAllocateErrorLogEntry@8 0001be6c     ntoskrnl:ntoskrnl.exe
 0002:000000f0       __imp__IoWriteErrorLogEntry@4 0001be70     ntoskrnl:ntoskrnl.exe
 0002:000000f4       __imp__IoReleaseRemoveLockAndWaitEx@12 0001be74     ntoskrnl:ntoskrnl.exe
 0002:000000f8       __imp__IoReleaseRemoveLockEx@12 0001be78     ntoskrnl:ntoskrnl.exe
 0002:000000fc       __imp__IoAcquireRemoveLockEx@20 0001be7c     ntoskrnl:ntoskrnl.exe
 0002:00000100       __imp__DbgPrint            0001be80     ntoskrnl:ntoskrnl.exe
 0002:00000104       __imp__IoAcquireCancelSpinLock@4 0001be84     ntoskrnl:ntoskrnl.exe
 0002:00000108       __imp__PoRequestPowerIrp@24 0001be88     ntoskrnl:ntoskrnl.exe
 0002:0000010c       __imp__IoSetDeviceInterfaceState@8 0001be8c     ntoskrnl:ntoskrnl.exe
 0002:00000110       __imp__IoDetachDevice@4    0001be90     ntoskrnl:ntoskrnl.exe
 0002:00000114       \177ntoskrnl_NULL_THUNK_DATA 0001be94     ntoskrnl:ntoskrnl.exe
 0002:00000174       ??_C@_0CJ@PIPM@IRP_MN_QUERY_LEGACY_BUS_INFORMAT@ 0001bef4     debug.obj
 0002:000001a0       ??_C@_0CJ@BGB@IRP_MN_SURPRISE_REMOVAL?5?5?5?5?5?5?5?5?5@ 0001bf20     debug.obj
 0002:000001cc       ??_C@_0CJ@HHHF@IRP_MN_DEVICE_USAGE_NOTIFICATION@ 0001bf4c     debug.obj
 0002:000001f8       ??_C@_0CJ@CEMN@IRP_MN_QUERY_BUS_INFORMATION?5?5?5?5@ 0001bf78     debug.obj
 0002:00000224       ??_C@_0CJ@GGDD@IRP_MN_QUERY_PNP_DEVICE_STATE?5?5?5@ 0001bfa4     debug.obj
 0002:00000250       ??_C@_0CJ@EPCD@IRP_MN_QUERY_ID?5?5?5?5?5?5?5?5?5?5?5?5?5?5?5?5?5@ 0001bfd0     debug.obj
 0002:0000027c       ??_C@_0CJ@MEEE@IRP_MN_SET_LOCK?5?5?5?5?5?5?5?5?5?5?5?5?5?5?5?5?5@ 0001bffc     debug.obj
 0002:000002a8       ??_C@_0CJ@IBLI@IRP_MN_EJECT?5?5?5?5?5?5?5?5?5?5?5?5?5?5?5?5?5?5?5?5@ 0001c028     debug.obj
 0002:000002d4       ??_C@_0CJ@PCBK@IRP_MN_WRITE_CONFIG?5?5?5?5?5?5?5?5?5?5?5?5?5@ 0001c054     debug.obj
 0002:00000300       ??_C@_0CJ@IGOK@IRP_MN_READ_CONFIG?5?5?5?5?5?5?5?5?5?5?5?5?5?5@ 0001c080     debug.obj
 0002:0000032c       ??_C@_0CJ@ONCM@?5unused?5MinorFunction?5?5?5?5?5?5?5?5?5?5?5@ 0001c0ac     debug.obj
 0002:00000358       ??_C@_0CJ@NEKM@IRP_MN_FILTER_RESOURCE_REQUIREME@ 0001c0d8     debug.obj
 0002:00000384       ??_C@_0CJ@ECKJ@IRP_MN_QUERY_DEVICE_TEXT?5?5?5?5?5?5?5?5@ 0001c104     debug.obj
 0002:000003b0       ??_C@_0CJ@GICO@IRP_MN_QUERY_RESOURCE_REQUIREMEN@ 0001c130     debug.obj
 0002:000003dc       ??_C@_0CJ@NDGA@IRP_MN_QUERY_RESOURCES?5?5?5?5?5?5?5?5?5?5@ 0001c15c     debug.obj
 0002:00000408       ??_C@_0CJ@OFPC@IRP_MN_QUERY_CAPABILITIES?5?5?5?5?5?5?5@ 0001c188     debug.obj
 0002:00000434       ??_C@_0CJ@GJDF@IRP_MN_QUERY_INTERFACE?5?5?5?5?5?5?5?5?5?5@ 0001c1b4     debug.obj
 0002:00000460       ??_C@_0CJ@GAAD@IRP_MN_QUERY_DEVICE_RELATIONS?5?5?5@ 0001c1e0     debug.obj
 0002:0000048c       ??_C@_0CJ@PIBD@IRP_MN_CANCEL_STOP_DEVICE?5?5?5?5?5?5?5@ 0001c20c     debug.obj
 0002:000004b8       ??_C@_0CJ@OCNG@IRP_MN_QUERY_STOP_DEVICE?5?5?5?5?5?5?5?5@ 0001c238     debug.obj
 0002:000004e4       ??_C@_0CJ@EIFB@IRP_MN_STOP_DEVICE?5?5?5?5?5?5?5?5?5?5?5?5?5?5@ 0001c264     debug.obj
 0002:00000510       ??_C@_0CJ@OIAF@IRP_MN_CANCEL_REMOVE_DEVICE?5?5?5?5?5@ 0001c290     debug.obj
 0002:0000053c       ??_C@_0CJ@LBOK@IRP_MN_REMOVE_DEVICE?5?5?5?5?5?5?5?5?5?5?5?5@ 0001c2bc     debug.obj
 0002:00000568       ??_C@_0CJ@JJJK@IRP_MN_QUERY_REMOVE_DEVICE?5?5?5?5?5?5@ 0001c2e8     debug.obj
 0002:00000594       ??_C@_0CJ@DJD@IRP_MN_START_DEVICE?5?5?5?5?5?5?5?5?5?5?5?5?5@ 0001c314     debug.obj
 0002:000005c0       _PhysicalZero              0001c340     parport.obj
 0002:000005c8       _GUID_PARALLEL_DEVICE      0001c348     parport.obj
 0003:00000028       _PnpIrpName                0001c388     debug.obj
 0003:000000ec       _PortInfoReferenceCount    0001c44c     parport.obj
 0003:000000f0       _PptDot3Retries            0001c450     parport.obj
 0003:00000140       _PptWmiAllocFreeCountsGuid 0001c4a0     wmi.obj
 0003:00000150       _PptWmiGuidList            0001c4b0     wmi.obj
 0003:00000160       _PptDebugLevel             0001c4c0     parport.obj
 0003:00000164       _PptBreakOn                0001c4c4     parport.obj
 0003:00000168       _RegistryPath              0001c4c8     parport.obj
 0003:00000170       _PortInfoMutex             0001c4d0     parport.obj
 0004:00000036       _PptWmiInitWmi@4           0001c576 f   wmi.obj
 0004:000000fc       _PptDispatchSystemControl@8 0001c63c f   wmi.obj
 0004:00000202       _PptWmiQueryWmiRegInfo@24  0001c742 f   wmi.obj
 0004:000002ed       _PptWmiQueryWmiDataBlock@32 0001c82d f   wmi.obj
 0005:00000000       __IMPORT_DESCRIPTOR_ntoskrnl 0001c8e0     ntoskrnl:ntoskrnl.exe
 0005:00000014       __IMPORT_DESCRIPTOR_HAL    0001c8f4     hal:HAL.dll
 0005:00000028       __IMPORT_DESCRIPTOR_WMILIB 0001c908     wmilib:WMILIB.SYS
 0005:0000003c       __NULL_IMPORT_DESCRIPTOR   0001c91c     ntoskrnl:ntoskrnl.exe

 entry point at        0001:00000686

 Static symbols

